Archive member included to satisfy reference by file (symbol)

app/libapp.a(main.c.obj)      (--whole-archive)
zephyr/libzephyr.a(validate_libc.c.obj)
                              (--whole-archive)
zephyr/libzephyr.a(heap.c.obj)
                              (--whole-archive)
zephyr/libzephyr.a(boot_banner.c.obj)
                              (--whole-archive)
zephyr/libzephyr.a(cbprintf_packaged.c.obj)
                              (--whole-archive)
zephyr/libzephyr.a(clock.c.obj)
                              (--whole-archive)
zephyr/libzephyr.a(printk.c.obj)
                              (--whole-archive)
zephyr/libzephyr.a(cbprintf_complete.c.obj)
                              (--whole-archive)
zephyr/libzephyr.a(assert.c.obj)
                              (--whole-archive)
zephyr/libzephyr.a(dec.c.obj)
                              (--whole-archive)
zephyr/libzephyr.a(hex.c.obj)
                              (--whole-archive)
zephyr/libzephyr.a(rb.c.obj)  (--whole-archive)
zephyr/libzephyr.a(set.c.obj)
                              (--whole-archive)
zephyr/libzephyr.a(timeutil.c.obj)
                              (--whole-archive)
zephyr/libzephyr.a(bitarray.c.obj)
                              (--whole-archive)
zephyr/libzephyr.a(bitmask.c.obj)
                              (--whole-archive)
zephyr/libzephyr.a(getopt.c.obj)
                              (--whole-archive)
zephyr/libzephyr.a(getopt_common.c.obj)
                              (--whole-archive)
zephyr/libzephyr.a(onoff.c.obj)
                              (--whole-archive)
zephyr/libzephyr.a(notify.c.obj)
                              (--whole-archive)
zephyr/libzephyr.a(ring_buffer.c.obj)
                              (--whole-archive)
zephyr/libzephyr.a(last_section_id.c.obj)
                              (--whole-archive)
zephyr/libzephyr.a(configs.c.obj)
                              (--whole-archive)
zephyr/libzephyr.a(stm32cube_hal.c.obj)
                              (--whole-archive)
zephyr/libzephyr.a(soc_config.c.obj)
                              (--whole-archive)
zephyr/libzephyr.a(gpioport_mgr.c.obj)
                              (--whole-archive)
zephyr/libzephyr.a(stm32_backup_domain.c.obj)
                              (--whole-archive)
zephyr/libzephyr.a(soc.c.obj)
                              (--whole-archive)
zephyr/libzephyr.a(tracing_none.c.obj)
                              (--whole-archive)
zephyr/libzephyr.a(sem.c.obj)
                              (--whole-archive)
zephyr/libzephyr.a(thread_entry.c.obj)
                              (--whole-archive)
zephyr/arch/common/libarch__common.a(sw_isr_common.c.obj)
                              (--whole-archive)
zephyr/arch/common/libarch__common.a(init.c.obj)
                              (--whole-archive)
zephyr/arch/common/libarch__common.a(xip.c.obj)
                              (--whole-archive)
zephyr/arch/common/libarch__common.a(instr_mem.c.obj)
                              (--whole-archive)
zephyr/arch/arch/arm/core/libarch__arm__core.a(fatal.c.obj)
                              (--whole-archive)
zephyr/arch/arch/arm/core/libarch__arm__core.a(nmi.c.obj)
                              (--whole-archive)
zephyr/arch/arch/arm/core/libarch__arm__core.a(nmi_on_reset.S.obj)
                              (--whole-archive)
zephyr/arch/arch/arm/core/libarch__arm__core.a(tls.c.obj)
                              (--whole-archive)
zephyr/arch/arch/arm/core/cortex_m/libarch__arm__core__cortex_m.a(fault.c.obj)
                              (--whole-archive)
zephyr/arch/arch/arm/core/cortex_m/libarch__arm__core__cortex_m.a(fault_s.S.obj)
                              (--whole-archive)
zephyr/arch/arch/arm/core/cortex_m/libarch__arm__core__cortex_m.a(fpu.c.obj)
                              (--whole-archive)
zephyr/arch/arch/arm/core/cortex_m/libarch__arm__core__cortex_m.a(reset.S.obj)
                              (--whole-archive)
zephyr/arch/arch/arm/core/cortex_m/libarch__arm__core__cortex_m.a(scb.c.obj)
                              (--whole-archive)
zephyr/arch/arch/arm/core/cortex_m/libarch__arm__core__cortex_m.a(vector_table.S.obj)
                              (--whole-archive)
zephyr/arch/arch/arm/core/cortex_m/libarch__arm__core__cortex_m.a(svc.S.obj)
                              (--whole-archive)
zephyr/arch/arch/arm/core/cortex_m/libarch__arm__core__cortex_m.a(irq_manage.c.obj)
                              (--whole-archive)
zephyr/arch/arch/arm/core/cortex_m/libarch__arm__core__cortex_m.a(prep_c.c.obj)
                              (--whole-archive)
zephyr/arch/arch/arm/core/cortex_m/libarch__arm__core__cortex_m.a(thread.c.obj)
                              (--whole-archive)
zephyr/arch/arch/arm/core/cortex_m/libarch__arm__core__cortex_m.a(cpu_idle.c.obj)
                              (--whole-archive)
zephyr/arch/arch/arm/core/cortex_m/libarch__arm__core__cortex_m.a(exc_exit.c.obj)
                              (--whole-archive)
[...]
Memory Configuration

Name             Origin             Length             Attributes
FLASH            0x08000000         0x00010000         xr
RAM              0x20000000         0x00005000         xw
SRAM0            0x20000000         0x00005000         rw
IDT_LIST         0xffff7fff         0x00008000         xw
*default*        0x00000000         0xffffffff

Linker script and memory map

                0x080020c4                        vfprintf = __l_vfprintf
                0x00000000                        vfscanf = __l_vfscanf
LOAD zephyr/CMakeFiles/zephyr_pre0.dir/misc/empty_file.c.obj
LOAD zephyr/CMakeFiles/offsets.dir/./arch/arm/core/offsets/offsets.c.obj
LOAD app/libapp.a
LOAD zephyr/libzephyr.a
LOAD zephyr/arch/common/libarch__common.a
LOAD zephyr/arch/arch/arm/core/libarch__arm__core.a
LOAD zephyr/arch/arch/arm/core/cortex_m/libarch__arm__core__cortex_m.a
LOAD zephyr/lib/libc/picolibc/liblib__libc__picolibc.a
LOAD zephyr/lib/libc/common/liblib__libc__common.a
LOAD zephyr/subsys/portability/posix/c_lib_ext/libsubsys__portability__posix__c_lib_ext.a
LOAD zephyr/drivers/interrupt_controller/libdrivers__interrupt_controller.a
LOAD zephyr/drivers/clock_control/libdrivers__clock_control.a
LOAD zephyr/drivers/console/libdrivers__console.a
LOAD zephyr/drivers/gpio/libdrivers__gpio.a
LOAD zephyr/drivers/pinctrl/libdrivers__pinctrl.a
LOAD zephyr/drivers/reset/libdrivers__reset.a
LOAD zephyr/drivers/serial/libdrivers__serial.a
LOAD zephyr/drivers/timer/libdrivers__timer.a
LOAD modules/hal_stm32/stm32cube/lib..__modules__hal__stm32__stm32cube.a
LOAD zephyr/kernel/libkernel.a
LOAD lib/libmy_lib.a
LOAD zephyr/arch/common/libisr_tables.a
LOAD /home/khaiwic/zephyr-sdk-1.0.1/gnu/arm-zephyr-eabi/bin/../lib/gcc/arm-zephyr-eabi/14.3.0/../../../../arm-zephyr-eabi/lib/thumb/v7-m/nofp/space/libc.a
LOAD /home/khaiwic/zephyr-sdk-1.0.1/gnu/arm-zephyr-eabi/bin/../lib/gcc/arm-zephyr-eabi/14.3.0/thumb/v7-m/nofp/space/libgcc.a
                0x00000004                        _region_min_align = 0x4

.rel.plt        0x08000000        0x0
 *(SORT_BY_ALIGNMENT(.rel.plt))
                [!provide]                        PROVIDE (__rel_iplt_start = .)
 *(SORT_BY_ALIGNMENT(.rel.iplt))
 .rel.iplt      0x08000000        0x0 app/libapp.a(main.c.obj)
                [!provide]                        PROVIDE (__rel_iplt_end = .)

.rela.plt       0x00000000        0x0
 *(SORT_BY_ALIGNMENT(.rela.plt))
                [!provide]                        PROVIDE (__rela_iplt_start = .)
 *(SORT_BY_ALIGNMENT(.rela.iplt))
                [!provide]                        PROVIDE (__rela_iplt_end = .)

.rel.dyn
 *(SORT_BY_ALIGNMENT(.rel.*))

.rela.dyn
 *(SORT_BY_ALIGNMENT(.rela.*))

/DISCARD/
 *(SORT_BY_ALIGNMENT(.plt))

/DISCARD/
 *(SORT_BY_ALIGNMENT(.iplt))
                0x08000000                        __rom_region_start = 0x8000000

rom_start       0x08000000       0xe4
                0x08000000                        __rom_start_address = .
 FILL mask 0x00
                0x08000000                        . = (. + (0x0 - (. - __rom_start_address)))
                0x08000000                        . = ALIGN (0x4)
                0x08000000                        . = ALIGN (0x80)
                0x08000000                        . = ALIGN (0x100)
                0x08000000                        _vector_start = .
 *(SORT_BY_ALIGNMENT(.exc_vector_table))
 *(SORT_BY_ALIGNMENT(.exc_vector_table.*))
 .exc_vector_table._vector_table_section
                0x08000000       0x40 zephyr/arch/arch/arm/core/cortex_m/libarch__arm__core__cortex_m.a(vector_table.S.obj)
                0x08000000                _vector_table
 *(SORT_BY_ALIGNMENT(.vectors))
                0x080000e4                        _vector_end = .
                0x08000040                        . = ALIGN (0x4)
 *(SORT_BY_ALIGNMENT(.gnu.linkonce.irq_vector_table*))
 .gnu.linkonce.irq_vector_table
                0x08000040       0xa4 zephyr/arch/common/libisr_tables.a(isr_tables.c.obj)
                0x08000040                _irq_vector_table
                0x080000e4                        _vector_end = .

text            0x080000e4     0x2f5c
                0x080000e4                        __text_region_start = .
 *(SORT_BY_ALIGNMENT(.text))
 *(SORT_BY_ALIGNMENT(.text.*))
 .text.main     0x080000e4       0x8c app/libapp.a(main.c.obj)
                0x080000e4                main
 .text.boot_banner
                0x08000170       0x10 zephyr/libzephyr.a(boot_banner.c.obj)
 .text.char_out
                0x08000180        0xc zephyr/libzephyr.a(printk.c.obj)
 .text.vprintk_core
                0x0800018c       0x30 zephyr/libzephyr.a(printk.c.obj)
 .text.__printk_hook_install
                0x080001bc        0xc zephyr/libzephyr.a(printk.c.obj)
                0x080001bc                __printk_hook_install
 .text.st_stm32_common_config
                0x080001c8       0x24 zephyr/libzephyr.a(soc_config.c.obj)
 .text.stm32_gpioport_init
                0x080001ec       0x20 zephyr/libzephyr.a(gpioport_mgr.c.obj)
 .text.stm32_gpioport_get
                0x0800020c       0x24 zephyr/libzephyr.a(gpioport_mgr.c.obj)
                0x0800020c                stm32_gpioport_get
 .text.soc_early_init_hook
                0x08000230       0x20 zephyr/libzephyr.a(soc.c.obj)
                0x08000230                soc_early_init_hook
 .text.z_thread_entry
                0x08000250       0x34 zephyr/libzephyr.a(thread_entry.c.obj)
                0x08000250                z_thread_entry
 .text.arch_bss_zero
                0x08000284       0x18 zephyr/arch/common/libarch__common.a(init.c.obj)
                0x08000284                arch_bss_zero
 .text.arch_data_copy
                0x0800029c       0x38 zephyr/arch/common/libarch__common.a(xip.c.obj)
                0x0800029c                arch_data_copy
 .text.z_arm_fatal_error
                0x080002d4       0x78 zephyr/arch/arch/arm/core/libarch__arm__core.a(fatal.c.obj)
                0x080002d4                z_arm_fatal_error
 .text.z_SysNmiOnReset
                0x0800034c        0x8 zephyr/arch/arch/arm/core/libarch__arm__core.a(nmi_on_reset.S.obj)
                0x0800034c                z_SysNmiOnReset
 .text.arch_tls_stack_setup
                0x08000354       0x40 zephyr/arch/arch/arm/core/libarch__arm__core.a(tls.c.obj)
                0x08000354                arch_tls_stack_setup
 .text.usage_fault.isra.0
                0x08000394       0xb4 zephyr/arch/arch/arm/core/cortex_m/libarch__arm__core__cortex_m.a(fault.c.obj)
 .text.bus_fault.isra.0
                0x08000448       0xc0 zephyr/arch/arch/arm/core/cortex_m/libarch__arm__core__cortex_m.a(fault.c.obj)
 .text.mem_manage_fault.isra.0
                0x08000508       0xb0 zephyr/arch/arch/arm/core/cortex_m/libarch__arm__core__cortex_m.a(fault.c.obj)
 .text.z_arm_fault
                0x080005b8      0x1e0 zephyr/arch/arch/arm/core/cortex_m/libarch__arm__core__cortex_m.a(fault.c.obj)
                0x080005b8                z_arm_fault
 .text.z_arm_fault_init
                0x08000798       0x18 zephyr/arch/arch/arm/core/cortex_m/libarch__arm__core__cortex_m.a(fault.c.obj)
                0x08000798                z_arm_fault_init
 .text.__fault  0x080007b0       0x14 zephyr/arch/arch/arm/core/cortex_m/libarch__arm__core__cortex_m.a(fault_s.S.obj)
                0x080007b0                z_arm_bus_fault
                0x080007b0                z_arm_usage_fault
                0x080007b0                z_arm_mpu_fault
                0x080007b0                z_arm_exc_spurious
                0x080007b0                z_arm_debug_monitor
                0x080007b0                z_arm_hard_fault
 .text._reset_section
                0x080007c4       0x34 zephyr/arch/arch/arm/core/cortex_m/libarch__arm__core__cortex_m.a(reset.S.obj)
                0x080007c4                z_arm_reset
                0x080007c4                __start
 .text.z_arm_svc
                0x080007f8       0x24 zephyr/arch/arch/arm/core/cortex_m/libarch__arm__core__cortex_m.a(svc.S.obj)
                0x080007f8                z_arm_svc
 .text.arm_irq_enable
                0x0800081c       0x1c zephyr/arch/arch/arm/core/cortex_m/libarch__arm__core__cortex_m.a(irq_manage.c.obj)
                0x0800081c                arm_irq_enable
 .text.arm_irq_priority_set
                0x08000838       0x2c zephyr/arch/arch/arm/core/cortex_m/libarch__arm__core__cortex_m.a(irq_manage.c.obj)
                0x08000838                arm_irq_priority_set
 .text.relocate_vector_table
                0x08000864       0x20 zephyr/arch/arch/arm/core/cortex_m/libarch__arm__core__cortex_m.a(prep_c.c.obj)
                0x08000864                relocate_vector_table
 .text.arch_new_thread
                0x08000884       0x38 zephyr/arch/arch/arm/core/cortex_m/libarch__arm__core__cortex_m.a(thread.c.obj)
                0x08000884                arch_new_thread
 .text.arch_switch_to_main_thread
                0x080008bc       0x38 zephyr/arch/arch/arm/core/cortex_m/libarch__arm__core__cortex_m.a(thread.c.obj)
                0x080008bc                arch_switch_to_main_thread
 .text.z_arm_cpu_idle_init
                0x080008f4        0xc zephyr/arch/arch/arm/core/cortex_m/libarch__arm__core__cortex_m.a(cpu_idle.c.obj)
                0x080008f4                z_arm_cpu_idle_init
 .text._HandlerModeExit
                0x08000900       0x20 zephyr/arch/arch/arm/core/cortex_m/libarch__arm__core__cortex_m.a(exc_exit.c.obj)
                0x08000900                z_arm_exc_exit
                0x08000900                z_arm_int_exit
 .text.z_impl_k_thread_abort
                0x08000920       0x2c zephyr/arch/arch/arm/core/cortex_m/libarch__arm__core__cortex_m.a(thread_abort.c.obj)
                0x08000920                z_impl_k_thread_abort
 .text.z_arm_pendsv
                0x0800094c       0x54 zephyr/arch/arch/arm/core/cortex_m/libarch__arm__core__cortex_m.a(swap_helper.S.obj)
                0x0800094c                z_arm_pendsv
 .text.z_arm_interrupt_init
                0x080009a0       0x18 zephyr/arch/arch/arm/core/cortex_m/libarch__arm__core__cortex_m.a(irq_init.c.obj)
                0x080009a0                z_arm_interrupt_init
 .text._isr_wrapper
                0x080009b8       0x24 zephyr/arch/arch/arm/core/cortex_m/libarch__arm__core__cortex_m.a(isr_wrapper.c.obj)
                0x080009b8                _isr_wrapper
 .text.__aeabi_read_tp
                0x080009dc        0xc zephyr/arch/arch/arm/core/cortex_m/libarch__arm__core__cortex_m.a(__aeabi_read_tp.S.obj)
                0x080009dc                __aeabi_read_tp
 .text.z_impl_zephyr_fputc
                0x080009e8       0x10 zephyr/lib/libc/picolibc/liblib__libc__picolibc.a(stdio.c.obj)
                0x080009e8                z_impl_zephyr_fputc
 .text.__stdout_hook_install
                0x080009f8       0x18 zephyr/lib/libc/picolibc/liblib__libc__picolibc.a(stdio.c.obj)
                0x080009f8                __stdout_hook_install
 .text.malloc_prepare
                0x08000a10       0x24 zephyr/lib/libc/common/liblib__libc__common.a(malloc.c.obj)
 .text.stm32_exti_is_pending
                0x08000a34       0x20 zephyr/drivers/interrupt_controller/libdrivers__interrupt_controller.a(intc_exti_stm32.c.obj)
                0x08000a34                stm32_exti_is_pending
 .text.stm32_exti_clear_pending
                0x08000a54       0x20 zephyr/drivers/interrupt_controller/libdrivers__interrupt_controller.a(intc_exti_stm32.c.obj)
                0x08000a54                stm32_exti_clear_pending
 .text.stm32_fill_irq_table
                0x08000a74       0x18 zephyr/drivers/interrupt_controller/libdrivers__interrupt_controller.a(intc_gpio_stm32.c.obj)
 .text.stm32_intc_gpio_isr
                0x08000a8c       0x4c zephyr/drivers/interrupt_controller/libdrivers__interrupt_controller.a(intc_gpio_stm32.c.obj)
 .text.stm32_gpio_intc_enable_line
                0x08000ad8       0x2c zephyr/drivers/interrupt_controller/libdrivers__interrupt_controller.a(intc_gpio_stm32.c.obj)
                0x08000ad8                stm32_gpio_intc_enable_line
 .text.stm32_gpio_intc_disable_line
                0x08000b04       0x10 zephyr/drivers/interrupt_controller/libdrivers__interrupt_controller.a(intc_gpio_stm32.c.obj)
                0x08000b04                stm32_gpio_intc_disable_line
 .text.stm32_gpio_intc_select_line_trigger
                0x08000b14       0x50 zephyr/drivers/interrupt_controller/libdrivers__interrupt_controller.a(intc_gpio_stm32.c.obj)
                0x08000b14                stm32_gpio_intc_select_line_trigger
 .text.stm32_gpio_intc_set_irq_callback
                0x08000b64       0x40 zephyr/drivers/interrupt_controller/libdrivers__interrupt_controller.a(intc_gpio_stm32.c.obj)
                0x08000b64                stm32_gpio_intc_set_irq_callback
 .text.stm32_gpio_intc_remove_irq_callback
                0x08000ba4       0x24 zephyr/drivers/interrupt_controller/libdrivers__interrupt_controller.a(intc_gpio_stm32.c.obj)
                0x08000ba4                stm32_gpio_intc_remove_irq_callback
 .text.stm32_exti_get_line_src_port
                0x08000bc8       0x30 zephyr/drivers/interrupt_controller/libdrivers__interrupt_controller.a(intc_gpio_stm32.c.obj)
                0x08000bc8                stm32_exti_get_line_src_port
 .text.stm32_clock_control_get_subsys_rate
                0x08000bf8       0x7c zephyr/drivers/clock_control/libdrivers__clock_control.a(clock_stm32_ll_common.c.obj)
 .text.stm32_clock_control_init
                0x08000c74       0xf4 zephyr/drivers/clock_control/libdrivers__clock_control.a(clock_stm32_ll_common.c.obj)
                0x08000c74                stm32_clock_control_init
 .text.config_pll_sysclock
                0x08000d68       0x1c zephyr/drivers/clock_control/libdrivers__clock_control.a(clock_stm32f1.c.obj)
                0x08000d68                config_pll_sysclock
 .text.uart_console_init
                0x08000d84       0x28 zephyr/drivers/console/libdrivers__console.a(uart_console.c.obj)
 .text.console_out
                0x08000dac       0x28 zephyr/drivers/console/libdrivers__console.a(uart_console.c.obj)
 .text.gpio_stm32_pin_interrupt_configure
                0x08000dd4       0xac zephyr/drivers/gpio/libdrivers__gpio.a(gpio_stm32.c.obj)
 .text.pinctrl_configure_pins
                0x08000e80       0xa4 zephyr/drivers/pinctrl/libdrivers__pinctrl.a(pinctrl_stm32.c.obj)
                0x08000e80                pinctrl_configure_pins
 .text.uart_stm32_parameters_set
                0x08000f24      0x100 zephyr/drivers/serial/libdrivers__serial.a(uart_stm32.c.obj)
 .text.uart_stm32_configure
                0x08001024       0xdc zephyr/drivers/serial/libdrivers__serial.a(uart_stm32.c.obj)
 .text.elapsed  0x08001100       0x48 zephyr/drivers/timer/libdrivers__timer.a(cortex_m_systick.c.obj)
 .text.timer_driver_cycle_get
                0x08001148       0x14 zephyr/drivers/timer/libdrivers__timer.a(cortex_m_systick.c.obj)
 .text.timer_core_arm
                0x0800115c       0xd8 zephyr/drivers/timer/libdrivers__timer.a(cortex_m_systick.c.obj)
 .text.sys_clock_driver_init
                0x08001234       0x70 zephyr/drivers/timer/libdrivers__timer.a(cortex_m_systick.c.obj)
 .text.timer_core_announce_from
                0x080012a4       0x70 zephyr/drivers/timer/libdrivers__timer.a(cortex_m_systick.c.obj)
 .text.sys_clock_elapsed
                0x08001314       0x24 zephyr/drivers/timer/libdrivers__timer.a(cortex_m_systick.c.obj)
                0x08001314                sys_clock_elapsed
 .text.sys_clock_isr
                0x08001338       0x48 zephyr/drivers/timer/libdrivers__timer.a(cortex_m_systick.c.obj)
                0x08001338                sys_clock_isr
 .text.HAL_RCC_GetSysClockFreq
                0x08001380       0x4c modules/hal_stm32/stm32cube/lib..__modules__hal__stm32__stm32cube.a(stm32f1xx_hal_rcc.c.obj)
                0x08001380                HAL_RCC_GetSysClockFreq
 .text.LL_SetFlashLatency
                0x080013cc       0x50 modules/hal_stm32/stm32cube/lib..__modules__hal__stm32__stm32cube.a(stm32f1xx_ll_utils.c.obj)
                0x080013cc                LL_SetFlashLatency
 .text.k_sys_fatal_error_handler
                0x0800141c       0x18 zephyr/kernel/libkernel.a(fatal.c.obj)
                0x0800141c                k_sys_fatal_error_handler
 .text.z_fatal_error
                0x08001434       0xa8 zephyr/kernel/libkernel.a(fatal.c.obj)
                0x08001434                z_fatal_error
 .text.z_sys_init_run_level
                0x080014dc       0x30 zephyr/kernel/libkernel.a(init.c.obj)
 .text.bg_thread_main
                0x0800150c       0xc8 zephyr/kernel/libkernel.a(init.c.obj)
 .text.z_init_cpu
                0x080015d4       0x68 zephyr/kernel/libkernel.a(init.c.obj)
                0x080015d4                z_init_cpu
 .text.z_cstart
                0x0800163c       0xdc zephyr/kernel/libkernel.a(init.c.obj)
                0x0800163c                z_cstart
 .text.z_setup_new_thread
                0x08001718       0x88 zephyr/kernel/libkernel.a(thread.c.obj)
                0x08001718                z_setup_new_thread
 .text.z_dummy_thread_init
                0x080017a0       0x20 zephyr/kernel/libkernel.a(thread.c.obj)
                0x080017a0                z_dummy_thread_init
 .text.z_swap_irqlock
                0x080017c0       0x30 zephyr/kernel/libkernel.a(sched.c.obj)
 .text.move_current_to_end_of_prio_q
                0x080017f0       0x6c zephyr/kernel/libkernel.a(sched.c.obj)
                0x080017f0                move_current_to_end_of_prio_q
 .text.ready_thread
                0x0800185c       0x80 zephyr/kernel/libkernel.a(sched.c.obj)
                0x0800185c                z_sched_ready_locked
 .text.unready_thread
                0x080018dc       0x54 zephyr/kernel/libkernel.a(sched.c.obj)
                0x080018dc                z_sched_unready_locked
 .text.z_thread_halt
                0x08001930      0x13c zephyr/kernel/libkernel.a(sched.c.obj)
                0x08001930                z_thread_halt
 .text.reschedule
                0x08001a6c       0x24 zephyr/kernel/libkernel.a(sched.c.obj)
                0x08001a6c                z_reschedule
 .text.reschedule_locked
                0x08001a90        0xc zephyr/kernel/libkernel.a(sched.c.obj)
                0x08001a90                z_reschedule_locked
 .text.z_sched_lock_reschedule
                0x08001a9c       0x44 zephyr/kernel/libkernel.a(sched.c.obj)
                0x08001a9c                z_sched_lock_reschedule
 .text.z_sched_yield
                0x08001ae0       0x84 zephyr/kernel/libkernel.a(sched.c.obj)
                0x08001ae0                z_sched_yield
 .text.z_impl_k_sleep_ticks
                0x08001b64       0xa8 zephyr/kernel/libkernel.a(sleep.c.obj)
                0x08001b64                z_impl_k_sleep_ticks
 .text.z_sched_init
                0x08001c0c       0x10 zephyr/kernel/libkernel.a(scheduler.c.obj)
                0x08001c0c                z_sched_init
 .text.k_sched_lock
                0x08001c1c       0x28 zephyr/kernel/libkernel.a(scheduler.c.obj)
                0x08001c1c                k_sched_lock
 .text.k_sched_unlock
                0x08001c44       0x20 zephyr/kernel/libkernel.a(scheduler.c.obj)
                0x08001c44                k_sched_unlock
 .text.z_impl_k_sched_current_thread_query
                0x08001c64        0xc zephyr/kernel/libkernel.a(scheduler.c.obj)
                0x08001c64                z_impl_k_sched_current_thread_query
 .text.z_time_slice_size
                0x08001c70       0x40 zephyr/kernel/libkernel.a(timeslicing.c.obj)
 .text.slice_timeout
                0x08001cb0       0x34 zephyr/kernel/libkernel.a(timeslicing.c.obj)
 .text.slice_reset
                0x08001ce4       0x64 zephyr/kernel/libkernel.a(timeslicing.c.obj)
 .text.z_time_slice
                0x08001d48       0x74 zephyr/kernel/libkernel.a(timeslicing.c.obj)
                0x08001d48                z_time_slice
 .text.z_timeout_q_first
                0x08001dbc       0x10 zephyr/kernel/libkernel.a(timeout.c.obj)
 .text.elapsed  0x08001dcc       0x10 zephyr/kernel/libkernel.a(timeout.c.obj)
 .text.z_add_timeout
                0x08001ddc      0x120 zephyr/kernel/libkernel.a(timeout.c.obj)
                0x08001ddc                z_add_timeout
 .text.z_try_abort_timeout
                0x08001efc       0x84 zephyr/kernel/libkernel.a(timeout.c.obj)
                0x08001efc                z_try_abort_timeout
 .text.z_timeout_inflight_superseded
                0x08001f80       0x2c zephyr/kernel/libkernel.a(timeout.c.obj)
                0x08001f80                z_timeout_inflight_superseded
 .text.sys_clock_announce_locked
                0x08001fac       0xe8 zephyr/kernel/libkernel.a(timeout.c.obj)
                0x08001fac                sys_clock_announce_locked
 .text.sys_clock_tick_get
                0x08002094       0x30 zephyr/kernel/libkernel.a(timeout.c.obj)
                0x08002094                sys_clock_tick_get
 .text.__l_vfprintf
                0x080020c4      0x484 /home/khaiwic/zephyr-sdk-1.0.1/gnu/arm-zephyr-eabi/bin/../lib/gcc/arm-zephyr-eabi/14.3.0/../../../../arm-zephyr-eabi/lib/thumb/v7-m/nofp/space/libc.a(libc_tinystdio_vflprintf.c.o)
                0x080020c4                __l_vfprintf
 .text._OffsetAbsSyms
                0x08002548        0x2 zephyr/CMakeFiles/offsets.dir/./arch/arm/core/offsets/offsets.c.obj
                0x08002548                _OffsetAbsSyms
 .text.chunk_size
                0x0800254a        0xa zephyr/libzephyr.a(heap.c.obj)
 .text.free_list_add
                0x08002554       0x4e zephyr/libzephyr.a(heap.c.obj)
 .text.sys_heap_init
                0x080025a2       0x82 zephyr/libzephyr.a(heap.c.obj)
                0x080025a2                sys_heap_init
 .text.arch_printk_char_out
                0x08002624        0x4 zephyr/libzephyr.a(printk.c.obj)
                0x08002624                arch_printk_char_out
 .text.printk_panic
                0x08002628        0x2 zephyr/libzephyr.a(printk.c.obj)
                0x08002628                printk_panic
 .text.vprintk  0x0800262a        0x4 zephyr/libzephyr.a(printk.c.obj)
                0x0800262a                vprintk
 .text.printk   0x0800262e       0x1a zephyr/libzephyr.a(printk.c.obj)
                0x0800262e                printk
 .text._ConfigAbsSyms
                0x08002648        0x2 zephyr/libzephyr.a(configs.c.obj)
                0x08002648                _ConfigAbsSyms
 .text.stm32_gpioport_configure_pin
                0x0800264a       0x92 zephyr/libzephyr.a(gpioport_mgr.c.obj)
                0x0800264a                stm32_gpioport_configure_pin
 .text.arch_early_memset
                0x080026dc        0x4 zephyr/arch/common/libarch__common.a(init.c.obj)
                0x080026dc                arch_early_memset
 .text.arch_early_memcpy
                0x080026e0        0x4 zephyr/arch/common/libarch__common.a(init.c.obj)
                0x080026e0                arch_early_memcpy
 .text.z_do_kernel_oops
                0x080026e4        0x8 zephyr/arch/arch/arm/core/libarch__arm__core.a(fatal.c.obj)
                0x080026e4                z_do_kernel_oops
 .text.z_arm_nmi
                0x080026ec        0xe zephyr/arch/arch/arm/core/libarch__arm__core.a(nmi.c.obj)
                0x080026ec                z_arm_nmi
 .text.z_irq_spurious
                0x080026fa        0x8 zephyr/arch/arch/arm/core/cortex_m/libarch__arm__core__cortex_m.a(irq_manage.c.obj)
                0x080026fa                z_irq_spurious
 .text.z_prep_c
                0x08002702       0x16 zephyr/arch/arch/arm/core/cortex_m/libarch__arm__core__cortex_m.a(prep_c.c.obj)
                0x08002702                z_prep_c
 .text.arch_coprocessors_disable
                0x08002718        0x6 zephyr/arch/arch/arm/core/cortex_m/libarch__arm__core__cortex_m.a(thread.c.obj)
                0x08002718                arch_coprocessors_disable
 .text.arch_irq_unlock_outlined
                0x0800271e        0xe zephyr/arch/arch/arm/core/cortex_m/libarch__arm__core__cortex_m.a(thread.c.obj)
                0x0800271e                arch_irq_unlock_outlined
 .text.arch_cpu_idle
                0x0800272c       0x1a zephyr/arch/arch/arm/core/cortex_m/libarch__arm__core__cortex_m.a(cpu_idle.c.obj)
                0x0800272c                arch_cpu_idle
 .text.picolibc_put
                0x08002746        0xa zephyr/lib/libc/picolibc/liblib__libc__picolibc.a(stdio.c.obj)
 .text.stm32_exti_init
                0x08002750        0x4 zephyr/drivers/interrupt_controller/libdrivers__interrupt_controller.a(intc_exti_stm32.c.obj)
 .text.stm32_exti_gpio_intc_init
                0x08002754       0x92 zephyr/drivers/interrupt_controller/libdrivers__interrupt_controller.a(intc_gpio_stm32.c.obj)
 .text.stm32_gpio_intc_get_pin_irq_line
                0x080027e6        0xa zephyr/drivers/interrupt_controller/libdrivers__interrupt_controller.a(intc_gpio_stm32.c.obj)
                0x080027e6                stm32_gpio_intc_get_pin_irq_line
 .text.stm32_exti_set_line_src_port
                0x080027f0       0x36 zephyr/drivers/interrupt_controller/libdrivers__interrupt_controller.a(intc_gpio_stm32.c.obj)
                0x080027f0                stm32_exti_set_line_src_port
 .text.stm32_clock_control_on
                0x08002826       0x44 zephyr/drivers/clock_control/libdrivers__clock_control.a(clock_stm32_ll_common.c.obj)
 .text.stm32_clock_control_off
                0x0800286a       0x2c zephyr/drivers/clock_control/libdrivers__clock_control.a(clock_stm32_ll_common.c.obj)
 .text.enabled_clock
                0x08002896       0x16 zephyr/drivers/clock_control/libdrivers__clock_control.a(clock_stm32_ll_common.c.obj)
                0x08002896                enabled_clock
 .text.stm32_clock_control_configure
                0x080028ac       0x46 zephyr/drivers/clock_control/libdrivers__clock_control.a(clock_stm32_ll_common.c.obj)
 .text.stm32_clock_control_get_status
                0x080028f2       0x38 zephyr/drivers/clock_control/libdrivers__clock_control.a(clock_stm32_ll_common.c.obj)
 .text.config_regulator_voltage
                0x0800292a        0x2 zephyr/drivers/clock_control/libdrivers__clock_control.a(clock_stm32_ll_common.c.obj)
                0x0800292a                config_regulator_voltage
 .text.get_pllout_frequency
                0x0800292c        0x4 zephyr/drivers/clock_control/libdrivers__clock_control.a(clock_stm32f1.c.obj)
                0x0800292c                get_pllout_frequency
 .text.config_enable_default_clocks
                0x08002930        0x2 zephyr/drivers/clock_control/libdrivers__clock_control.a(clock_stm32f1.c.obj)
                0x08002930                config_enable_default_clocks
 .text.gpio_stm32_port_get_raw
                0x08002932        0xc zephyr/drivers/gpio/libdrivers__gpio.a(gpio_stm32.c.obj)
 .text.gpio_stm32_port_set_masked_raw
                0x0800293e       0x12 zephyr/drivers/gpio/libdrivers__gpio.a(gpio_stm32.c.obj)
 .text.gpio_stm32_port_set_bits_raw
                0x08002950        0xa zephyr/drivers/gpio/libdrivers__gpio.a(gpio_stm32.c.obj)
 .text.gpio_stm32_port_clear_bits_raw
                0x0800295a        0xa zephyr/drivers/gpio/libdrivers__gpio.a(gpio_stm32.c.obj)
 .text.gpio_stm32_port_toggle_bits
                0x08002964        0xe zephyr/drivers/gpio/libdrivers__gpio.a(gpio_stm32.c.obj)
 .text.gpio_stm32_manage_callback
                0x08002972       0x54 zephyr/drivers/gpio/libdrivers__gpio.a(gpio_stm32.c.obj)
 .text.gpio_stm32_config
                0x080029c6       0x8e zephyr/drivers/gpio/libdrivers__gpio.a(gpio_stm32.c.obj)
 .text.gpio_stm32_isr
                0x08002a54       0x2c zephyr/drivers/gpio/libdrivers__gpio.a(gpio_stm32.c.obj)
 .text.pinctrl_lookup_state
                0x08002a80       0x24 zephyr/drivers/pinctrl/libdrivers__pinctrl.a(common.c.obj)
                0x08002a80                pinctrl_lookup_state
 .text.reset_stm32_status
                0x08002aa4       0x20 zephyr/drivers/reset/libdrivers__reset.a(reset_stm32.c.obj)
 .text.reset_stm32_line_assert
                0x08002ac4       0x1c zephyr/drivers/reset/libdrivers__reset.a(reset_stm32.c.obj)
 .text.reset_stm32_line_deassert
                0x08002ae0       0x1e zephyr/drivers/reset/libdrivers__reset.a(reset_stm32.c.obj)
 .text.reset_stm32_line_toggle
                0x08002afe       0x16 zephyr/drivers/reset/libdrivers__reset.a(reset_stm32.c.obj)
 .text.LL_USART_ClearFlag_PE
                0x08002b14       0x12 zephyr/drivers/serial/libdrivers__serial.a(uart_stm32.c.obj)
 .text.uart_stm32_err_check
                0x08002b26       0x5e zephyr/drivers/serial/libdrivers__serial.a(uart_stm32.c.obj)
 .text.uart_stm32_set_baudrate.isra.0
                0x08002b84       0x58 zephyr/drivers/serial/libdrivers__serial.a(uart_stm32.c.obj)
 .text.uart_stm32_poll_in
                0x08002bdc       0x22 zephyr/drivers/serial/libdrivers__serial.a(uart_stm32.c.obj)
 .text.uart_stm32_poll_out
                0x08002bfe       0x36 zephyr/drivers/serial/libdrivers__serial.a(uart_stm32.c.obj)
 .text.uart_stm32_init
                0x08002c34       0xa6 zephyr/drivers/serial/libdrivers__serial.a(uart_stm32.c.obj)
 .text.uart_stm32_config_get
                0x08002cda       0x8e zephyr/drivers/serial/libdrivers__serial.a(uart_stm32.c.obj)
 .text.sys_clock_set_timeout
                0x08002d68        0x4 zephyr/drivers/timer/libdrivers__timer.a(cortex_m_systick.c.obj)
                0x08002d68                sys_clock_set_timeout
 .text.do_device_init
                0x08002d6c       0x30 zephyr/kernel/libkernel.a(device.c.obj)
                0x08002d6c                do_device_init
 .text.z_impl_device_is_ready
                0x08002d9c       0x16 zephyr/kernel/libkernel.a(device.c.obj)
                0x08002d9c                z_impl_device_is_ready
 .text.arch_system_halt
                0x08002db2       0x10 zephyr/kernel/libkernel.a(fatal.c.obj)
                0x08002db2                arch_system_halt
 .text.idle     0x08002dc2       0x16 zephyr/kernel/libkernel.a(idle.c.obj)
                0x08002dc2                idle
 .text.k_thread_name_get
                0x08002dd8        0x4 zephyr/kernel/libkernel.a(thread.c.obj)
                0x08002dd8                k_thread_name_get
 .text.z_impl_k_wakeup
                0x08002ddc       0x40 zephyr/kernel/libkernel.a(thread.c.obj)
                0x08002ddc                z_impl_k_wakeup
 .text.z_thread_abort
                0x08002e1c       0x3e zephyr/kernel/libkernel.a(thread.c.obj)
                0x08002e1c                z_thread_abort
 .text.z_impl_k_yield
                0x08002e5a        0x4 zephyr/kernel/libkernel.a(thread.c.obj)
                0x08002e5a                z_impl_k_yield
 .text.sys_dlist_remove
                0x08002e5e       0x10 zephyr/kernel/libkernel.a(sched.c.obj)
 .text.unpend_thread_no_timeout
                0x08002e6e       0x14 zephyr/kernel/libkernel.a(sched.c.obj)
 .text.z_ready_thread
                0x08002e82       0x1e zephyr/kernel/libkernel.a(sched.c.obj)
                0x08002e82                z_ready_thread
 .text.z_sched_wake_thread_locked
                0x08002ea0       0x28 zephyr/kernel/libkernel.a(sched.c.obj)
                0x08002ea0                z_sched_wake_thread_locked
 .text.z_thread_timeout
                0x08002ec8       0x2a zephyr/kernel/libkernel.a(sched.c.obj)
                0x08002ec8                z_thread_timeout
 .text.z_time_slice_reset
                0x08002ef2        0xe zephyr/kernel/libkernel.a(timeslicing.c.obj)
                0x08002ef2                z_time_slice_reset
 .text.next_timeout
                0x08002f00       0x44 zephyr/kernel/libkernel.a(timeout.c.obj)
 .text.sys_clock_tick_get_32
                0x08002f44        0x8 zephyr/kernel/libkernel.a(timeout.c.obj)
                0x08002f44                sys_clock_tick_get_32
 .text.memcpy   0x08002f4c       0x1c /home/khaiwic/zephyr-sdk-1.0.1/gnu/arm-zephyr-eabi/bin/../lib/gcc/arm-zephyr-eabi/14.3.0/../../../../arm-zephyr-eabi/lib/thumb/v7-m/nofp/space/libc.a(memcpy.c.o)
                0x08002f4c                memcpy
                0x08002f4c                __aeabi_memcpy
                0x08002f4c                __aeabi_memcpy4
                0x08002f4c                __aeabi_memcpy8
 .text.memset   0x08002f68       0x10 /home/khaiwic/zephyr-sdk-1.0.1/gnu/arm-zephyr-eabi/bin/../lib/gcc/arm-zephyr-eabi/14.3.0/../../../../arm-zephyr-eabi/lib/thumb/v7-m/nofp/space/libc.a(memset.c.o)
                0x08002f68                memset
 .text.strnlen  0x08002f78       0x18 /home/khaiwic/zephyr-sdk-1.0.1/gnu/arm-zephyr-eabi/bin/../lib/gcc/arm-zephyr-eabi/14.3.0/../../../../arm-zephyr-eabi/lib/thumb/v7-m/nofp/space/libc.a(libc_string_strnlen.c.o)
                0x08002f78                strnlen
 .text.__ultoa_invert
                0x08002f90       0xae /home/khaiwic/zephyr-sdk-1.0.1/gnu/arm-zephyr-eabi/bin/../lib/gcc/arm-zephyr-eabi/14.3.0/../../../../arm-zephyr-eabi/lib/thumb/v7-m/nofp/space/libc.a(libc_tinystdio_vflprintf.c.o)
 *(SORT_BY_ALIGNMENT(.gnu.linkonce.t.*))
 *(SORT_BY_ALIGNMENT(.glue_7t))
 .glue_7t       0x0800303e        0x0 linker stubs
 *(SORT_BY_ALIGNMENT(.glue_7))
 .glue_7        0x0800303e        0x0 linker stubs
 *(SORT_BY_ALIGNMENT(.vfp11_veneer))
 .vfp11_veneer  0x0800303e        0x0 linker stubs
 *(SORT_BY_ALIGNMENT(.v4_bx))
 .v4_bx         0x0800303e        0x0 linker stubs
                0x08003040                        . = ALIGN (0x4)
 *fill*         0x0800303e        0x2 
                0x08003040                        __text_region_end = .

.ARM.exidx      0x08003040        0x0
                0x08003040                        __exidx_start = .
 *(SORT_BY_ALIGNMENT(.ARM.exidx*) SORT_BY_ALIGNMENT(gnu.linkonce.armexidx.*))
                0x08003040                        __exidx_end = .
                0x08003040                        __rodata_region_start = .

initlevel       0x08003040       0x88
                0x08003040                        __init_start = .
                0x08003040                        __init_EARLY_start = .
 *(SORT_BY_NAME(SORT_BY_ALIGNMENT(.z_init_EARLY_P_?_*)))
 *(SORT_BY_NAME(SORT_BY_ALIGNMENT(.z_init_EARLY_P_??_*)))
 *(SORT_BY_NAME(SORT_BY_ALIGNMENT(.z_init_EARLY_P_???_*)))
                0x08003040                        __init_PRE_KERNEL_1_start = .
 *(SORT_BY_NAME(SORT_BY_ALIGNMENT(.z_init_PRE_KERNEL_1_P_?_*)))
 .z_init_PRE_KERNEL_1_P_1_SUB_00008_
                0x08003040        0x8 zephyr/drivers/clock_control/libdrivers__clock_control.a(clock_stm32_ll_common.c.obj)
 .z_init_PRE_KERNEL_1_P_1_SUB_0_
                0x08003048        0x8 zephyr/libzephyr.a(soc_config.c.obj)
 *(SORT_BY_NAME(SORT_BY_ALIGNMENT(.z_init_PRE_KERNEL_1_P_??_*)))
 .z_init_PRE_KERNEL_1_P_35_SUB_00043_
                0x08003050        0x8 zephyr/drivers/reset/libdrivers__reset.a(reset_stm32.c.obj)
 .z_init_PRE_KERNEL_1_P_40_SUB_00014_
                0x08003058        0x8 zephyr/libzephyr.a(gpioport_mgr.c.obj)
 .z_init_PRE_KERNEL_1_P_40_SUB_00031_
                0x08003060        0x8 zephyr/libzephyr.a(gpioport_mgr.c.obj)
 .z_init_PRE_KERNEL_1_P_40_SUB_00039_
                0x08003068        0x8 zephyr/drivers/interrupt_controller/libdrivers__interrupt_controller.a(intc_exti_stm32.c.obj)
 .z_init_PRE_KERNEL_1_P_40_SUB_00070_
                0x08003070        0x8 zephyr/libzephyr.a(gpioport_mgr.c.obj)
 .z_init_PRE_KERNEL_1_P_40_SUB_00071_
                0x08003078        0x8 zephyr/libzephyr.a(gpioport_mgr.c.obj)
 .z_init_PRE_KERNEL_1_P_40_SUB_00072_
                0x08003080        0x8 zephyr/libzephyr.a(gpioport_mgr.c.obj)
 .z_init_PRE_KERNEL_1_P_40_SUB_0_
                0x08003088        0x8 zephyr/drivers/interrupt_controller/libdrivers__interrupt_controller.a(intc_gpio_stm32.c.obj)
 .z_init_PRE_KERNEL_1_P_50_SUB_00044_
                0x08003090        0x8 zephyr/drivers/serial/libdrivers__serial.a(uart_stm32.c.obj)
 .z_init_PRE_KERNEL_1_P_50_SUB_00047_
                0x08003098        0x8 zephyr/drivers/serial/libdrivers__serial.a(uart_stm32.c.obj)
 .z_init_PRE_KERNEL_1_P_50_SUB_00050_
                0x080030a0        0x8 zephyr/drivers/serial/libdrivers__serial.a(uart_stm32.c.obj)
 .z_init_PRE_KERNEL_1_P_60_SUB_0_
                0x080030a8        0x8 zephyr/drivers/console/libdrivers__console.a(uart_console.c.obj)
 *(SORT_BY_NAME(SORT_BY_ALIGNMENT(.z_init_PRE_KERNEL_1_P_???_*)))
                0x080030b0                        __init_PRE_KERNEL_2_start = .
 *(SORT_BY_NAME(SORT_BY_ALIGNMENT(.z_init_PRE_KERNEL_2_P_?_*)))
 .z_init_PRE_KERNEL_2_P_0_SUB_0_
                0x080030b0        0x8 zephyr/drivers/timer/libdrivers__timer.a(cortex_m_systick.c.obj)
 *(SORT_BY_NAME(SORT_BY_ALIGNMENT(.z_init_PRE_KERNEL_2_P_??_*)))
 *(SORT_BY_NAME(SORT_BY_ALIGNMENT(.z_init_PRE_KERNEL_2_P_???_*)))
                0x080030b8                        __init_POST_KERNEL_start = .
 *(SORT_BY_NAME(SORT_BY_ALIGNMENT(.z_init_POST_KERNEL_P_?_*)))
 *(SORT_BY_NAME(SORT_BY_ALIGNMENT(.z_init_POST_KERNEL_P_??_*)))
 .z_init_POST_KERNEL_P_35_SUB_0_
                0x080030b8        0x8 zephyr/lib/libc/common/liblib__libc__common.a(malloc.c.obj)
 *(SORT_BY_NAME(SORT_BY_ALIGNMENT(.z_init_POST_KERNEL_P_???_*)))
                0x080030c0                        __init_APPLICATION_start = .
 *(SORT_BY_NAME(SORT_BY_ALIGNMENT(.z_init_APPLICATION_P_?_*)))
 .z_init_APPLICATION_P_0_SUB_0_
                0x080030c0        0x8 zephyr/libzephyr.a(boot_banner.c.obj)
 *(SORT_BY_NAME(SORT_BY_ALIGNMENT(.z_init_APPLICATION_P_??_*)))
 *(SORT_BY_NAME(SORT_BY_ALIGNMENT(.z_init_APPLICATION_P_???_*)))
                0x080030c8                        __init_SMP_start = .
 *(SORT_BY_NAME(SORT_BY_ALIGNMENT(.z_init_SMP_P_?_*)))
 *(SORT_BY_NAME(SORT_BY_ALIGNMENT(.z_init_SMP_P_??_*)))
 *(SORT_BY_NAME(SORT_BY_ALIGNMENT(.z_init_SMP_P_???_*)))
                0x080030c8                        __init_end = .

device_area     0x080030c8      0x134
                0x080030c8                        _device_list_start = .
 *(SORT_BY_NAME(SORT_BY_ALIGNMENT(._device.static.*_?_*)))
 ._device.static.1_1_
                0x080030c8       0x1c zephyr/drivers/clock_control/libdrivers__clock_control.a(clock_stm32_ll_common.c.obj)
                0x080030c8                __device_dts_ord_8
 *(SORT_BY_NAME(SORT_BY_ALIGNMENT(._device.static.*_??_*)))
 ._device.static.1_35_
                0x080030e4       0x1c zephyr/drivers/reset/libdrivers__reset.a(reset_stm32.c.obj)
                0x080030e4                __device_dts_ord_43
 ._device.static.1_40_
                0x08003100       0x8c zephyr/libzephyr.a(gpioport_mgr.c.obj)
                0x08003100                __device_dts_ord_71
                0x0800311c                __device_dts_ord_70
                0x08003138                __device_dts_ord_31
                0x08003154                __device_dts_ord_14
                0x08003170                __device_dts_ord_72
 ._device.static.1_40_
                0x0800318c       0x1c zephyr/drivers/interrupt_controller/libdrivers__interrupt_controller.a(intc_exti_stm32.c.obj)
                0x0800318c                __device_dts_ord_39
 ._device.static.1_50_
                0x080031a8       0x54 zephyr/drivers/serial/libdrivers__serial.a(uart_stm32.c.obj)
                0x080031a8                __device_dts_ord_47
                0x080031c4                __device_dts_ord_44
                0x080031e0                __device_dts_ord_50
 *(SORT_BY_NAME(SORT_BY_ALIGNMENT(._device.static.*_???_*)))
 *(SORT_BY_NAME(SORT_BY_ALIGNMENT(._device.static.*_????_*)))
 *(SORT_BY_NAME(SORT_BY_ALIGNMENT(._device.static.*_?????_*)))
                0x080031fc                        _device_list_end = .

sw_isr_table    0x080031fc      0x148
                0x080031fc                        . = ALIGN (0x4)
 *(SORT_BY_ALIGNMENT(.gnu.linkonce.sw_isr_table*))
 .gnu.linkonce.sw_isr_table
                0x080031fc      0x148 zephyr/arch/common/libisr_tables.a(isr_tables.c.obj)
                0x080031fc                _sw_isr_table

initlevel_error
 *(SORT_BY_NAME(SORT_BY_ALIGNMENT(.z_init_*)))
                0x00000001                        ASSERT ((SIZEOF (initlevel_error) == 0x0), Undefined initialization levels used.)

app_shmem_regions
                0x08003344        0x0
                0x08003344                        __app_shmem_regions_start = .
 *(SORT_BY_NAME(SORT_BY_ALIGNMENT(.app_regions.*)))
                0x08003344                        __app_shmem_regions_end = .

k_p4wq_initparam_area
                0x08003344        0x0
                0x08003344                        _k_p4wq_initparam_list_start = .
 *(SORT_BY_NAME(SORT_BY_ALIGNMENT(._k_p4wq_initparam.static.*)))
                0x08003344                        _k_p4wq_initparam_list_end = .

k_kernel_init_pre_entry_area
                0x08003344        0x0
                0x08003344                        _k_kernel_init_pre_entry_list_start = .
 *(SORT_BY_NAME(SORT_BY_ALIGNMENT(._k_kernel_init_pre_entry.static.*)))
                0x08003344                        _k_kernel_init_pre_entry_list_end = .

k_kernel_init_post_entry_area
                0x08003344        0x0
                0x08003344                        _k_kernel_init_post_entry_list_start = .
 *(SORT_BY_NAME(SORT_BY_ALIGNMENT(._k_kernel_init_post_entry.static.*)))
                0x08003344                        _k_kernel_init_post_entry_list_end = .

_static_thread_data_area
                0x08003344        0x0
                0x08003344                        __static_thread_data_list_start = .
 *(SORT_BY_NAME(SORT_BY_ALIGNMENT(.__static_thread_data.static.*)))
                0x08003344                        __static_thread_data_list_end = .

device_deps     0x08003344        0x0
                0x08003344                        __device_deps_start = .
 *(SORT_BY_NAME(SORT_BY_ALIGNMENT(.__device_deps_pass2*)))
                0x08003344                        __device_deps_end = .

device_api_area
                0x08003344       0x64
                0x08003344                        _gpio_driver_api_list_start = .
 *(SORT_BY_NAME(SORT_BY_ALIGNMENT(._gpio_driver_api.static.*)))
 ._gpio_driver_api.static.gpio_stm32_driver_
                0x08003344       0x24 zephyr/drivers/gpio/libdrivers__gpio.a(gpio_stm32.c.obj)
                0x08003344                gpio_stm32_driver
                0x08003368                        _gpio_driver_api_list_end = .
                0x08003368                        _gpio_driver_api_ext_end = .
                0x08003368                        _reset_driver_api_list_start = .
 *(SORT_BY_NAME(SORT_BY_ALIGNMENT(._reset_driver_api.static.*)))
 ._reset_driver_api.static.reset_stm32_driver_api_
                0x08003368       0x10 zephyr/drivers/reset/libdrivers__reset.a(reset_stm32.c.obj)
                0x08003378                        _reset_driver_api_list_end = .
                0x08003378                        _reset_driver_api_ext_end = .
                0x08003378                        _shared_irq_driver_api_list_start = .
 *(SORT_BY_NAME(SORT_BY_ALIGNMENT(._shared_irq_driver_api.static.*)))
                0x08003378                        _shared_irq_driver_api_list_end = .
                0x08003378                        _shared_irq_driver_api_ext_end = .
                0x08003378                        _audio_codec_driver_api_list_start = .
 *(SORT_BY_NAME(SORT_BY_ALIGNMENT(._audio_codec_driver_api.static.*)))
                0x08003378                        _audio_codec_driver_api_list_end = .
                0x08003378                        _audio_codec_driver_api_ext_end = .
                0x08003378                        _dmic_driver_api_list_start = .
 *(SORT_BY_NAME(SORT_BY_ALIGNMENT(._dmic_driver_api.static.*)))
                0x08003378                        _dmic_driver_api_list_end = .
                0x08003378                        _dmic_driver_api_ext_end = .
                0x08003378                        _crypto_driver_api_list_start = .
 *(SORT_BY_NAME(SORT_BY_ALIGNMENT(._crypto_driver_api.static.*)))
                0x08003378                        _crypto_driver_api_list_end = .
                0x08003378                        _crypto_driver_api_ext_end = .
                0x08003378                        _adc_driver_api_list_start = .
 *(SORT_BY_NAME(SORT_BY_ALIGNMENT(._adc_driver_api.static.*)))
                0x08003378                        _adc_driver_api_list_end = .
                0x08003378                        _adc_driver_api_ext_end = .
                0x08003378                        _auxdisplay_driver_api_list_start = .
 *(SORT_BY_NAME(SORT_BY_ALIGNMENT(._auxdisplay_driver_api.static.*)))
                0x08003378                        _auxdisplay_driver_api_list_end = .
                0x08003378                        _auxdisplay_driver_api_ext_end = .
                0x08003378                        _bbram_driver_api_list_start = .
 *(SORT_BY_NAME(SORT_BY_ALIGNMENT(._bbram_driver_api.static.*)))
                0x08003378                        _bbram_driver_api_list_end = .
                0x08003378                        _bbram_driver_api_ext_end = .
                0x08003378                        _biometric_driver_api_list_start = .
 *(SORT_BY_NAME(SORT_BY_ALIGNMENT(._biometric_driver_api.static.*)))
                0x08003378                        _biometric_driver_api_list_end = .
                0x08003378                        _biometric_driver_api_ext_end = .
                0x08003378                        _bt_hci_driver_api_list_start = .
 *(SORT_BY_NAME(SORT_BY_ALIGNMENT(._bt_hci_driver_api.static.*)))
                0x08003378                        _bt_hci_driver_api_list_end = .
                0x08003378                        _bt_hci_driver_api_ext_end = .
                0x08003378                        _buzzer_driver_api_list_start = .
 *(SORT_BY_NAME(SORT_BY_ALIGNMENT(._buzzer_driver_api.static.*)))
                0x08003378                        _buzzer_driver_api_list_end = .
                0x08003378                        _buzzer_driver_api_ext_end = .
                0x08003378                        _can_driver_api_list_start = .
 *(SORT_BY_NAME(SORT_BY_ALIGNMENT(._can_driver_api.static.*)))
                0x08003378                        _can_driver_api_list_end = .
                0x08003378                        _can_driver_api_ext_end = .
                0x08003378                        _cellular_driver_api_list_start = .
 *(SORT_BY_NAME(SORT_BY_ALIGNMENT(._cellular_driver_api.static.*)))
                0x08003378                        _cellular_driver_api_list_end = .
                0x08003378                        _cellular_driver_api_ext_end = .
                0x08003378                        _charger_driver_api_list_start = .
 *(SORT_BY_NAME(SORT_BY_ALIGNMENT(._charger_driver_api.static.*)))
                0x08003378                        _charger_driver_api_list_end = .
                0x08003378                        _charger_driver_api_ext_end = .
                0x08003378                        _clock_control_driver_api_list_start = .
 *(SORT_BY_NAME(SORT_BY_ALIGNMENT(._clock_control_driver_api.static.*)))
 ._clock_control_driver_api.static.stm32_clock_control_api_
                0x08003378       0x1c zephyr/drivers/clock_control/libdrivers__clock_control.a(clock_stm32_ll_common.c.obj)
                0x08003394                        _clock_control_driver_api_list_end = .
                0x08003394                        _nrf_clock_control_driver_api_list_start = .
 *(SORT_BY_NAME(SORT_BY_ALIGNMENT(._nrf_clock_control_driver_api.static.*)))
                0x08003394                        _nrf_clock_control_driver_api_list_end = .
                0x08003394                        _nrf_clock_control_driver_api_ext_end = .
                0x08003394                        _clock_control_driver_api_ext_end = .
                0x08003394                        _clock_monitor_driver_api_list_start = .
 *(SORT_BY_NAME(SORT_BY_ALIGNMENT(._clock_monitor_driver_api.static.*)))
                0x08003394                        _clock_monitor_driver_api_list_end = .
                0x08003394                        _clock_monitor_driver_api_ext_end = .
                0x08003394                        _comparator_driver_api_list_start = .
 *(SORT_BY_NAME(SORT_BY_ALIGNMENT(._comparator_driver_api.static.*)))
                0x08003394                        _comparator_driver_api_list_end = .
                0x08003394                        _comparator_driver_api_ext_end = .
                0x08003394                        _coredump_driver_api_list_start = .
 *(SORT_BY_NAME(SORT_BY_ALIGNMENT(._coredump_driver_api.static.*)))
                0x08003394                        _coredump_driver_api_list_end = .
                0x08003394                        _coredump_driver_api_ext_end = .
                0x08003394                        _counter_driver_api_list_start = .
 *(SORT_BY_NAME(SORT_BY_ALIGNMENT(._counter_driver_api.static.*)))
                0x08003394                        _counter_driver_api_list_end = .
                0x08003394                        _counter_driver_api_ext_end = .
                0x08003394                        _crc_driver_api_list_start = .
 *(SORT_BY_NAME(SORT_BY_ALIGNMENT(._crc_driver_api.static.*)))
                0x08003394                        _crc_driver_api_list_end = .
                0x08003394                        _crc_driver_api_ext_end = .
                0x08003394                        _dac_driver_api_list_start = .
 *(SORT_BY_NAME(SORT_BY_ALIGNMENT(._dac_driver_api.static.*)))
                0x08003394                        _dac_driver_api_list_end = .
                0x08003394                        _dac_driver_api_ext_end = .
                0x08003394                        _dai_driver_api_list_start = .
 *(SORT_BY_NAME(SORT_BY_ALIGNMENT(._dai_driver_api.static.*)))
                0x08003394                        _dai_driver_api_list_end = .
                0x08003394                        _dai_driver_api_ext_end = .
                0x08003394                        _dali_driver_api_list_start = .
 *(SORT_BY_NAME(SORT_BY_ALIGNMENT(._dali_driver_api.static.*)))
                0x08003394                        _dali_driver_api_list_end = .
                0x08003394                        _dali_driver_api_ext_end = .
                0x08003394                        _display_driver_api_list_start = .
 *(SORT_BY_NAME(SORT_BY_ALIGNMENT(._display_driver_api.static.*)))
                0x08003394                        _display_driver_api_list_end = .
                0x08003394                        _display_driver_api_ext_end = .
                0x08003394                        _dma_driver_api_list_start = .
 *(SORT_BY_NAME(SORT_BY_ALIGNMENT(._dma_driver_api.static.*)))
                0x08003394                        _dma_driver_api_list_end = .
                0x08003394                        _dma_driver_api_ext_end = .
                0x08003394                        _edac_driver_api_list_start = .
 *(SORT_BY_NAME(SORT_BY_ALIGNMENT(._edac_driver_api.static.*)))
                0x08003394                        _edac_driver_api_list_end = .
                0x08003394                        _edac_driver_api_ext_end = .
                0x08003394                        _eeprom_driver_api_list_start = .
 *(SORT_BY_NAME(SORT_BY_ALIGNMENT(._eeprom_driver_api.static.*)))
                0x08003394                        _eeprom_driver_api_list_end = .
                0x08003394                        _eeprom_driver_api_ext_end = .
                0x08003394                        _emul_bbram_driver_api_list_start = .
 *(SORT_BY_NAME(SORT_BY_ALIGNMENT(._emul_bbram_driver_api.static.*)))
                0x08003394                        _emul_bbram_driver_api_list_end = .
                0x08003394                        _emul_bbram_driver_api_ext_end = .
                0x08003394                        _fuel_gauge_emul_driver_api_list_start = .
 *(SORT_BY_NAME(SORT_BY_ALIGNMENT(._fuel_gauge_emul_driver_api.static.*)))
                0x08003394                        _fuel_gauge_emul_driver_api_list_end = .
                0x08003394                        _fuel_gauge_emul_driver_api_ext_end = .
                0x08003394                        _emul_sensor_driver_api_list_start = .
 *(SORT_BY_NAME(SORT_BY_ALIGNMENT(._emul_sensor_driver_api.static.*)))
                0x08003394                        _emul_sensor_driver_api_list_end = .
                0x08003394                        _emul_sensor_driver_api_ext_end = .
                0x08003394                        _entropy_driver_api_list_start = .
 *(SORT_BY_NAME(SORT_BY_ALIGNMENT(._entropy_driver_api.static.*)))
                0x08003394                        _entropy_driver_api_list_end = .
                0x08003394                        _entropy_driver_api_ext_end = .
                0x08003394                        _espi_driver_api_list_start = .
 *(SORT_BY_NAME(SORT_BY_ALIGNMENT(._espi_driver_api.static.*)))
                0x08003394                        _espi_driver_api_list_end = .
                0x08003394                        _emul_espi_driver_api_list_start = .
 *(SORT_BY_NAME(SORT_BY_ALIGNMENT(._emul_espi_driver_api.static.*)))
                0x08003394                        _emul_espi_driver_api_list_end = .
                0x08003394                        _emul_espi_driver_api_ext_end = .
                0x08003394                        _espi_driver_api_ext_end = .
                0x08003394                        _espi_saf_driver_api_list_start = .
 *(SORT_BY_NAME(SORT_BY_ALIGNMENT(._espi_saf_driver_api.static.*)))
                0x08003394                        _espi_saf_driver_api_list_end = .
                0x08003394                        _espi_saf_driver_api_ext_end = .
                0x08003394                        _flash_driver_api_list_start = .
 *(SORT_BY_NAME(SORT_BY_ALIGNMENT(._flash_driver_api.static.*)))
                0x08003394                        _flash_driver_api_list_end = .
                0x08003394                        _flash_driver_api_ext_end = .
                0x08003394                        _fpga_driver_api_list_start = .
 *(SORT_BY_NAME(SORT_BY_ALIGNMENT(._fpga_driver_api.static.*)))
                0x08003394                        _fpga_driver_api_list_end = .
                0x08003394                        _fpga_driver_api_ext_end = .
                0x08003394                        _fuel_gauge_driver_api_list_start = .
 *(SORT_BY_NAME(SORT_BY_ALIGNMENT(._fuel_gauge_driver_api.static.*)))
                0x08003394                        _fuel_gauge_driver_api_list_end = .
                0x08003394                        _fuel_gauge_driver_api_ext_end = .
                0x08003394                        _gnss_driver_api_list_start = .
 *(SORT_BY_NAME(SORT_BY_ALIGNMENT(._gnss_driver_api.static.*)))
                0x08003394                        _gnss_driver_api_list_end = .
                0x08003394                        _gnss_driver_api_ext_end = .
                0x08003394                        _haptics_driver_api_list_start = .
 *(SORT_BY_NAME(SORT_BY_ALIGNMENT(._haptics_driver_api.static.*)))
                0x08003394                        _haptics_driver_api_list_end = .
                0x08003394                        _haptics_driver_api_ext_end = .
                0x08003394                        _hwspinlock_driver_api_list_start = .
 *(SORT_BY_NAME(SORT_BY_ALIGNMENT(._hwspinlock_driver_api.static.*)))
                0x08003394                        _hwspinlock_driver_api_list_end = .
                0x08003394                        _hwspinlock_driver_api_ext_end = .
                0x08003394                        _i2c_driver_api_list_start = .
 *(SORT_BY_NAME(SORT_BY_ALIGNMENT(._i2c_driver_api.static.*)))
                0x08003394                        _i2c_driver_api_list_end = .
                0x08003394                        _i3c_driver_api_list_start = .
 *(SORT_BY_NAME(SORT_BY_ALIGNMENT(._i3c_driver_api.static.*)))
                0x08003394                        _i3c_driver_api_list_end = .
                0x08003394                        _i3c_driver_api_ext_end = .
                0x08003394                        _i2c_driver_api_ext_end = .
                0x08003394                        _i2c_target_driver_api_list_start = .
 *(SORT_BY_NAME(SORT_BY_ALIGNMENT(._i2c_target_driver_api.static.*)))
                0x08003394                        _i2c_target_driver_api_list_end = .
                0x08003394                        _i2c_target_driver_api_ext_end = .
                0x08003394                        _i2s_driver_api_list_start = .
 *(SORT_BY_NAME(SORT_BY_ALIGNMENT(._i2s_driver_api.static.*)))
                0x08003394                        _i2s_driver_api_list_end = .
                0x08003394                        _i2s_driver_api_ext_end = .
                0x08003394                        _ipm_driver_api_list_start = .
 *(SORT_BY_NAME(SORT_BY_ALIGNMENT(._ipm_driver_api.static.*)))
                0x08003394                        _ipm_driver_api_list_end = .
                0x08003394                        _ipm_driver_api_ext_end = .
                0x08003394                        _led_driver_api_list_start = .
 *(SORT_BY_NAME(SORT_BY_ALIGNMENT(._led_driver_api.static.*)))
                0x08003394                        _led_driver_api_list_end = .
                0x08003394                        _led_driver_api_ext_end = .
                0x08003394                        _led_strip_driver_api_list_start = .
 *(SORT_BY_NAME(SORT_BY_ALIGNMENT(._led_strip_driver_api.static.*)))
                0x08003394                        _led_strip_driver_api_list_end = .
                0x08003394                        _led_strip_driver_api_ext_end = .
                0x08003394                        _lora_driver_api_list_start = .
 *(SORT_BY_NAME(SORT_BY_ALIGNMENT(._lora_driver_api.static.*)))
                0x08003394                        _lora_driver_api_list_end = .
                0x08003394                        _lora_driver_api_ext_end = .
                0x08003394                        _mbox_driver_api_list_start = .
 *(SORT_BY_NAME(SORT_BY_ALIGNMENT(._mbox_driver_api.static.*)))
                0x08003394                        _mbox_driver_api_list_end = .
                0x08003394                        _mbox_driver_api_ext_end = .
                0x08003394                        _mdio_driver_api_list_start = .
 *(SORT_BY_NAME(SORT_BY_ALIGNMENT(._mdio_driver_api.static.*)))
                0x08003394                        _mdio_driver_api_list_end = .
                0x08003394                        _mdio_driver_api_ext_end = .
                0x08003394                        _memc_driver_api_list_start = .
 *(SORT_BY_NAME(SORT_BY_ALIGNMENT(._memc_driver_api.static.*)))
                0x08003394                        _memc_driver_api_list_end = .
                0x08003394                        _memc_driver_api_ext_end = .
                0x08003394                        _mipi_dbi_driver_api_list_start = .
 *(SORT_BY_NAME(SORT_BY_ALIGNMENT(._mipi_dbi_driver_api.static.*)))
                0x08003394                        _mipi_dbi_driver_api_list_end = .
                0x08003394                        _mipi_dbi_driver_api_ext_end = .
                0x08003394                        _mipi_dsi_driver_api_list_start = .
 *(SORT_BY_NAME(SORT_BY_ALIGNMENT(._mipi_dsi_driver_api.static.*)))
                0x08003394                        _mipi_dsi_driver_api_list_end = .
                0x08003394                        _mipi_dsi_driver_api_ext_end = .
                0x08003394                        _mspi_driver_api_list_start = .
 *(SORT_BY_NAME(SORT_BY_ALIGNMENT(._mspi_driver_api.static.*)))
                0x08003394                        _mspi_driver_api_list_end = .
                0x08003394                        _emul_mspi_driver_api_list_start = .
 *(SORT_BY_NAME(SORT_BY_ALIGNMENT(._emul_mspi_driver_api.static.*)))
                0x08003394                        _emul_mspi_driver_api_list_end = .
                0x08003394                        _emul_mspi_driver_api_ext_end = .
                0x08003394                        _mspi_driver_api_ext_end = .
                0x08003394                        _mux_control_driver_api_list_start = .
 *(SORT_BY_NAME(SORT_BY_ALIGNMENT(._mux_control_driver_api.static.*)))
                0x08003394                        _mux_control_driver_api_list_end = .
                0x08003394                        _mux_control_driver_api_ext_end = .
                0x08003394                        _opamp_driver_api_list_start = .
 *(SORT_BY_NAME(SORT_BY_ALIGNMENT(._opamp_driver_api.static.*)))
                0x08003394                        _opamp_driver_api_list_end = .
                0x08003394                        _opamp_driver_api_ext_end = .
                0x08003394                        _otp_driver_api_list_start = .
 *(SORT_BY_NAME(SORT_BY_ALIGNMENT(._otp_driver_api.static.*)))
                0x08003394                        _otp_driver_api_list_end = .
                0x08003394                        _otp_driver_api_ext_end = .
                0x08003394                        _peci_driver_api_list_start = .
 *(SORT_BY_NAME(SORT_BY_ALIGNMENT(._peci_driver_api.static.*)))
                0x08003394                        _peci_driver_api_list_end = .
                0x08003394                        _peci_driver_api_ext_end = .
                0x08003394                        _ps2_driver_api_list_start = .
 *(SORT_BY_NAME(SORT_BY_ALIGNMENT(._ps2_driver_api.static.*)))
                0x08003394                        _ps2_driver_api_list_end = .
                0x08003394                        _ps2_driver_api_ext_end = .
                0x08003394                        _ptp_clock_driver_api_list_start = .
 *(SORT_BY_NAME(SORT_BY_ALIGNMENT(._ptp_clock_driver_api.static.*)))
                0x08003394                        _ptp_clock_driver_api_list_end = .
                0x08003394                        _ptp_clock_driver_api_ext_end = .
                0x08003394                        _pulse_io_driver_api_list_start = .
 *(SORT_BY_NAME(SORT_BY_ALIGNMENT(._pulse_io_driver_api.static.*)))
                0x08003394                        _pulse_io_driver_api_list_end = .
                0x08003394                        _pulse_io_driver_api_ext_end = .
                0x08003394                        _pwm_driver_api_list_start = .
 *(SORT_BY_NAME(SORT_BY_ALIGNMENT(._pwm_driver_api.static.*)))
                0x08003394                        _pwm_driver_api_list_end = .
                0x08003394                        _pwm_driver_api_ext_end = .
                0x08003394                        _regulator_parent_driver_api_list_start = .
 *(SORT_BY_NAME(SORT_BY_ALIGNMENT(._regulator_parent_driver_api.static.*)))
                0x08003394                        _regulator_parent_driver_api_list_end = .
                0x08003394                        _regulator_parent_driver_api_ext_end = .
                0x08003394                        _regulator_driver_api_list_start = .
 *(SORT_BY_NAME(SORT_BY_ALIGNMENT(._regulator_driver_api.static.*)))
                0x08003394                        _regulator_driver_api_list_end = .
                0x08003394                        _regulator_driver_api_ext_end = .
                0x08003394                        _retained_mem_driver_api_list_start = .
 *(SORT_BY_NAME(SORT_BY_ALIGNMENT(._retained_mem_driver_api.static.*)))
                0x08003394                        _retained_mem_driver_api_list_end = .
                0x08003394                        _retained_mem_driver_api_ext_end = .
                0x08003394                        _rtc_driver_api_list_start = .
 *(SORT_BY_NAME(SORT_BY_ALIGNMENT(._rtc_driver_api.static.*)))
                0x08003394                        _rtc_driver_api_list_end = .
                0x08003394                        _rtc_driver_api_ext_end = .
                0x08003394                        _sdhc_driver_api_list_start = .
 *(SORT_BY_NAME(SORT_BY_ALIGNMENT(._sdhc_driver_api.static.*)))
                0x08003394                        _sdhc_driver_api_list_end = .
                0x08003394                        _sdhc_driver_api_ext_end = .
                0x08003394                        _sensor_driver_api_list_start = .
 *(SORT_BY_NAME(SORT_BY_ALIGNMENT(._sensor_driver_api.static.*)))
                0x08003394                        _sensor_driver_api_list_end = .
                0x08003394                        _sensor_driver_api_ext_end = .
                0x08003394                        _smbus_driver_api_list_start = .
 *(SORT_BY_NAME(SORT_BY_ALIGNMENT(._smbus_driver_api.static.*)))
                0x08003394                        _smbus_driver_api_list_end = .
                0x08003394                        _smbus_driver_api_ext_end = .
                0x08003394                        _spi_driver_api_list_start = .
 *(SORT_BY_NAME(SORT_BY_ALIGNMENT(._spi_driver_api.static.*)))
                0x08003394                        _spi_driver_api_list_end = .
                0x08003394                        _spi_driver_api_ext_end = .
                0x08003394                        _syscon_driver_api_list_start = .
 *(SORT_BY_NAME(SORT_BY_ALIGNMENT(._syscon_driver_api.static.*)))
                0x08003394                        _syscon_driver_api_list_end = .
                0x08003394                        _syscon_driver_api_ext_end = .
                0x08003394                        _tee_driver_api_list_start = .
 *(SORT_BY_NAME(SORT_BY_ALIGNMENT(._tee_driver_api.static.*)))
                0x08003394                        _tee_driver_api_list_end = .
                0x08003394                        _tee_driver_api_ext_end = .
                0x08003394                        _tgpio_driver_api_list_start = .
 *(SORT_BY_NAME(SORT_BY_ALIGNMENT(._tgpio_driver_api.static.*)))
                0x08003394                        _tgpio_driver_api_list_end = .
                0x08003394                        _tgpio_driver_api_ext_end = .
                0x08003394                        _uaol_driver_api_list_start = .
 *(SORT_BY_NAME(SORT_BY_ALIGNMENT(._uaol_driver_api.static.*)))
                0x08003394                        _uaol_driver_api_list_end = .
                0x08003394                        _uaol_driver_api_ext_end = .
                0x08003394                        _video_driver_api_list_start = .
 *(SORT_BY_NAME(SORT_BY_ALIGNMENT(._video_driver_api.static.*)))
                0x08003394                        _video_driver_api_list_end = .
                0x08003394                        _video_driver_api_ext_end = .
                0x08003394                        _virtio_driver_api_list_start = .
 *(SORT_BY_NAME(SORT_BY_ALIGNMENT(._virtio_driver_api.static.*)))
                0x08003394                        _virtio_driver_api_list_end = .
                0x08003394                        _virtio_driver_api_ext_end = .
                0x08003394                        _w1_driver_api_list_start = .
 *(SORT_BY_NAME(SORT_BY_ALIGNMENT(._w1_driver_api.static.*)))
                0x08003394                        _w1_driver_api_list_end = .
                0x08003394                        _w1_driver_api_ext_end = .
                0x08003394                        _wdt_driver_api_list_start = .
 *(SORT_BY_NAME(SORT_BY_ALIGNMENT(._wdt_driver_api.static.*)))
                0x08003394                        _wdt_driver_api_list_end = .
                0x08003394                        _wdt_driver_api_ext_end = .
                0x08003394                        _wuc_driver_api_list_start = .
 *(SORT_BY_NAME(SORT_BY_ALIGNMENT(._wuc_driver_api.static.*)))
                0x08003394                        _wuc_driver_api_list_end = .
                0x08003394                        _wuc_driver_api_ext_end = .
                0x08003394                        _can_transceiver_driver_api_list_start = .
 *(SORT_BY_NAME(SORT_BY_ALIGNMENT(._can_transceiver_driver_api.static.*)))
                0x08003394                        _can_transceiver_driver_api_list_end = .
                0x08003394                        _can_transceiver_driver_api_ext_end = .
                0x08003394                        _i3c_target_driver_api_list_start = .
 *(SORT_BY_NAME(SORT_BY_ALIGNMENT(._i3c_target_driver_api.static.*)))
                0x08003394                        _i3c_target_driver_api_list_end = .
                0x08003394                        _i3c_target_driver_api_ext_end = .
                0x08003394                        _its_driver_api_list_start = .
 *(SORT_BY_NAME(SORT_BY_ALIGNMENT(._its_driver_api.static.*)))
                0x08003394                        _its_driver_api_list_end = .
                0x08003394                        _its_driver_api_ext_end = .
                0x08003394                        _vtd_driver_api_list_start = .
 *(SORT_BY_NAME(SORT_BY_ALIGNMENT(._vtd_driver_api.static.*)))
                0x08003394                        _vtd_driver_api_list_end = .
                0x08003394                        _vtd_driver_api_ext_end = .
                0x08003394                        _devmux_driver_api_list_start = .
 *(SORT_BY_NAME(SORT_BY_ALIGNMENT(._devmux_driver_api.static.*)))
                0x08003394                        _devmux_driver_api_list_end = .
                0x08003394                        _devmux_driver_api_ext_end = .
                0x08003394                        _renesas_elc_driver_api_list_start = .
 *(SORT_BY_NAME(SORT_BY_ALIGNMENT(._renesas_elc_driver_api.static.*)))
                0x08003394                        _renesas_elc_driver_api_list_end = .
                0x08003394                        _renesas_elc_driver_api_ext_end = .
                0x08003394                        _pcie_ctrl_driver_api_list_start = .
 *(SORT_BY_NAME(SORT_BY_ALIGNMENT(._pcie_ctrl_driver_api.static.*)))
                0x08003394                        _pcie_ctrl_driver_api_list_end = .
                0x08003394                        _pcie_ctrl_driver_api_ext_end = .
                0x08003394                        _pcie_ep_driver_api_list_start = .
 *(SORT_BY_NAME(SORT_BY_ALIGNMENT(._pcie_ep_driver_api.static.*)))
                0x08003394                        _pcie_ep_driver_api_list_end = .
                0x08003394                        _pcie_ep_driver_api_ext_end = .
                0x08003394                        _psi5_driver_api_list_start = .
 *(SORT_BY_NAME(SORT_BY_ALIGNMENT(._psi5_driver_api.static.*)))
                0x08003394                        _psi5_driver_api_list_end = .
                0x08003394                        _psi5_driver_api_ext_end = .
                0x08003394                        _sent_driver_api_list_start = .
 *(SORT_BY_NAME(SORT_BY_ALIGNMENT(._sent_driver_api.static.*)))
                0x08003394                        _sent_driver_api_list_end = .
                0x08003394                        _sent_driver_api_ext_end = .
                0x08003394                        _svc_driver_api_list_start = .
 *(SORT_BY_NAME(SORT_BY_ALIGNMENT(._svc_driver_api.static.*)))
                0x08003394                        _svc_driver_api_list_end = .
                0x08003394                        _svc_driver_api_ext_end = .
                0x08003394                        _stepper_driver_api_list_start = .
 *(SORT_BY_NAME(SORT_BY_ALIGNMENT(._stepper_driver_api.static.*)))
                0x08003394                        _stepper_driver_api_list_end = .
                0x08003394                        _stepper_driver_api_ext_end = .
                0x08003394                        _stepper_ctrl_driver_api_list_start = .
 *(SORT_BY_NAME(SORT_BY_ALIGNMENT(._stepper_ctrl_driver_api.static.*)))
                0x08003394                        _stepper_ctrl_driver_api_list_end = .
                0x08003394                        _stepper_ctrl_driver_api_ext_end = .
                0x08003394                        _uart_driver_api_list_start = .
 *(SORT_BY_NAME(SORT_BY_ALIGNMENT(._uart_driver_api.static.*)))
 ._uart_driver_api.static.uart_stm32_driver_api_
                0x08003394       0x14 zephyr/drivers/serial/libdrivers__serial.a(uart_stm32.c.obj)
                0x080033a8                        _uart_driver_api_list_end = .
                0x080033a8                        _uart_driver_api_ext_end = .
                0x080033a8                        _bc12_emul_driver_api_list_start = .
 *(SORT_BY_NAME(SORT_BY_ALIGNMENT(._bc12_emul_driver_api.static.*)))
                0x080033a8                        _bc12_emul_driver_api_list_end = .
                0x080033a8                        _bc12_emul_driver_api_ext_end = .
                0x080033a8                        _uhc_driver_api_list_start = .
 *(SORT_BY_NAME(SORT_BY_ALIGNMENT(._uhc_driver_api.static.*)))
                0x080033a8                        _uhc_driver_api_list_end = .
                0x080033a8                        _uhc_driver_api_ext_end = .
                0x080033a8                        _bc12_driver_api_list_start = .
 *(SORT_BY_NAME(SORT_BY_ALIGNMENT(._bc12_driver_api.static.*)))
                0x080033a8                        _bc12_driver_api_list_end = .
                0x080033a8                        _bc12_driver_api_ext_end = .
                0x080033a8                        _usbc_ppc_driver_api_list_start = .
 *(SORT_BY_NAME(SORT_BY_ALIGNMENT(._usbc_ppc_driver_api.static.*)))
                0x080033a8                        _usbc_ppc_driver_api_list_end = .
                0x080033a8                        _usbc_ppc_driver_api_ext_end = .
                0x080033a8                        _tcpc_driver_api_list_start = .
 *(SORT_BY_NAME(SORT_BY_ALIGNMENT(._tcpc_driver_api.static.*)))
                0x080033a8                        _tcpc_driver_api_list_end = .
                0x080033a8                        _tcpc_driver_api_ext_end = .
                0x080033a8                        _usbc_vbus_driver_api_list_start = .
 *(SORT_BY_NAME(SORT_BY_ALIGNMENT(._usbc_vbus_driver_api.static.*)))
                0x080033a8                        _usbc_vbus_driver_api_list_end = .
                0x080033a8                        _usbc_vbus_driver_api_ext_end = .
                0x080033a8                        _ivshmem_driver_api_list_start = .
 *(SORT_BY_NAME(SORT_BY_ALIGNMENT(._ivshmem_driver_api.static.*)))
                0x080033a8                        _ivshmem_driver_api_list_end = .
                0x080033a8                        _ivshmem_driver_api_ext_end = .
                0x080033a8                        _ethphy_driver_api_list_start = .
 *(SORT_BY_NAME(SORT_BY_ALIGNMENT(._ethphy_driver_api.static.*)))
                0x080033a8                        _ethphy_driver_api_list_end = .
                0x080033a8                        _ethphy_driver_api_ext_end = .

ztest           0x080033a8        0x0
                0x080033a8                        _ztest_expected_result_entry_list_start = .
 *(SORT_BY_NAME(SORT_BY_ALIGNMENT(._ztest_expected_result_entry.static.*)))
                0x080033a8                        _ztest_expected_result_entry_list_end = .
                0x080033a8                        _ztest_suite_node_list_start = .
 *(SORT_BY_NAME(SORT_BY_ALIGNMENT(._ztest_suite_node.static.*)))
                0x080033a8                        _ztest_suite_node_list_end = .
                0x080033a8                        _ztest_unit_test_list_start = .
 *(SORT_BY_NAME(SORT_BY_ALIGNMENT(._ztest_unit_test.static.*)))
                0x080033a8                        _ztest_unit_test_list_end = .
                0x080033a8                        _ztest_param_inst_list_start = .
 *(SORT_BY_NAME(SORT_BY_ALIGNMENT(._ztest_param_inst.static.*)))
                0x080033a8                        _ztest_param_inst_list_end = .
                0x080033a8                        _ztest_test_rule_list_start = .
 *(SORT_BY_NAME(SORT_BY_ALIGNMENT(._ztest_test_rule.static.*)))
                0x080033a8                        _ztest_test_rule_list_end = .

init_array      0x080033a8        0x0
                0x080033a8                        __zephyr_init_array_start = .
 *(SORT_BY_INIT_PRIORITY(.init_array.*) SORT_BY_INIT_PRIORITY(.ctors.*))
 *(SORT_BY_ALIGNMENT(.init_array) SORT_BY_ALIGNMENT(.ctors))
                0x080033a8                        __zephyr_init_array_end = .
                0x00000001                        ASSERT ((__zephyr_init_array_start == __zephyr_init_array_end), GNU-style constructors required but STATIC_INIT_GNU not enabled)

bt_l2cap_fixed_chan_area
                0x080033a8        0x0
                0x080033a8                        _bt_l2cap_fixed_chan_list_start = .
 *(SORT_BY_NAME(SORT_BY_ALIGNMENT(._bt_l2cap_fixed_chan.static.*)))
                0x080033a8                        _bt_l2cap_fixed_chan_list_end = .

bt_gatt_service_static_area
                0x080033a8        0x0
                0x080033a8                        _bt_gatt_service_static_list_start = .
 *(SORT_BY_NAME(SORT_BY_ALIGNMENT(._bt_gatt_service_static.static.*)))
                0x080033a8                        _bt_gatt_service_static_list_end = .

log_strings_area
                0x080033a8        0x0
                0x080033a8                        _log_strings_list_start = .
 *(SORT_BY_NAME(SORT_BY_ALIGNMENT(._log_strings.static.*)))
                0x080033a8                        _log_strings_list_end = .

log_stmesp_ptr_area
                0x080033a8        0x0
                0x080033a8                        _log_stmesp_ptr_list_start = .
 *(SORT_BY_NAME(SORT_BY_ALIGNMENT(._log_stmesp_ptr.static.*)))
                0x080033a8                        _log_stmesp_ptr_list_end = .

log_stmesp_str_area
                0x080033a8        0x0
                0x080033a8                        _log_stmesp_str_list_start = .
 *(SORT_BY_NAME(SORT_BY_ALIGNMENT(._log_stmesp_str.static.*)))
                0x080033a8                        _log_stmesp_str_list_end = .

log_const_area  0x080033a8        0x0
                0x080033a8                        _log_const_list_start = .
 *(SORT_BY_NAME(SORT_BY_ALIGNMENT(._log_const.static.*)))
                0x080033a8                        _log_const_list_end = .

log_backend_area
                0x080033a8        0x0
                0x080033a8                        _log_backend_list_start = .
 *(SORT_BY_NAME(SORT_BY_ALIGNMENT(._log_backend.static.*)))
                0x080033a8                        _log_backend_list_end = .

log_link_area   0x080033a8        0x0
                0x080033a8                        _log_link_list_start = .
 *(SORT_BY_NAME(SORT_BY_ALIGNMENT(._log_link.static.*)))
                0x080033a8                        _log_link_list_end = .

tracing_backend_area
                0x080033a8        0x0
                0x080033a8                        _tracing_backend_list_start = .
 *(SORT_BY_NAME(SORT_BY_ALIGNMENT(._tracing_backend.static.*)))
                0x080033a8                        _tracing_backend_list_end = .

zephyr_dbg_info
 *(SORT_BY_ALIGNMENT(.dbg_thread_info))

intc_table_area
                0x080033a8        0x0
                0x080033a8                        _intc_table_list_start = .
 *(SORT_BY_NAME(SORT_BY_ALIGNMENT(._intc_table.static.*)))
                0x080033a8                        _intc_table_list_end = .

symbol_to_keep  0x080033a8        0x0
                0x080033a8                        __symbol_to_keep_start = .
 *(SORT_BY_NAME(SORT_BY_ALIGNMENT(.symbol_to_keep*)))
                0x080033a8                        __symbol_to_keep_end = .

shell_area      0x080033a8        0x0
                0x080033a8                        _shell_list_start = .
 *(SORT_BY_NAME(SORT_BY_ALIGNMENT(._shell.static.*)))
                0x080033a8                        _shell_list_end = .

shell_root_cmds_area
                0x080033a8        0x0
                0x080033a8                        _shell_root_cmds_list_start = .
 *(SORT_BY_NAME(SORT_BY_ALIGNMENT(._shell_root_cmds.static.*)))
                0x080033a8                        _shell_root_cmds_list_end = .

shell_subcmds_area
                0x080033a8        0x0
                0x080033a8                        _shell_subcmds_list_start = .
 *(SORT_BY_NAME(SORT_BY_ALIGNMENT(._shell_subcmds.static.*)))
                0x080033a8                        _shell_subcmds_list_end = .

shell_dynamic_subcmds_area
                0x080033a8        0x0
                0x080033a8                        _shell_dynamic_subcmds_list_start = .
 *(SORT_BY_NAME(SORT_BY_ALIGNMENT(._shell_dynamic_subcmds.static.*)))
                0x080033a8                        _shell_dynamic_subcmds_list_end = .

shell_remote_area
                0x080033a8        0x0
                0x080033a8                        _shell_remote_list_start = .
 *(SORT_BY_NAME(SORT_BY_ALIGNMENT(._shell_remote.static.*)))
                0x080033a8                        _shell_remote_list_end = .

cfb_font_area   0x080033a8        0x0
                0x080033a8                        _cfb_font_list_start = .
 *(SORT_BY_NAME(SORT_BY_ALIGNMENT(._cfb_font.static.*)))
                0x080033a8                        _cfb_font_list_end = .

tdata           0x080033a8        0x0
 *(SORT_BY_ALIGNMENT(.tdata) SORT_BY_ALIGNMENT(.tdata.*) SORT_BY_ALIGNMENT(.gnu.linkonce.td.*))

tbss            0x080033a8        0x4
 *(SORT_BY_ALIGNMENT(.tbss) SORT_BY_ALIGNMENT(.tbss.*) SORT_BY_ALIGNMENT(.gnu.linkonce.tb.*) SORT_BY_ALIGNMENT(.tcommon))
 .tbss.z_tls_current
                0x080033a8        0x4 zephyr/libzephyr.a(thread_entry.c.obj)
                0x080033a8                z_tls_current
                0x080033a8                        PROVIDE (__tdata_start = LOADADDR (tdata))
                0x00000001                        PROVIDE (__tdata_align = ALIGNOF (tdata))
                0x00000000                        PROVIDE (__tdata_size = (((SIZEOF (tdata) + __tdata_align) - 0x1) & ~ ((__tdata_align - 0x1))))
                [!provide]                        PROVIDE (__tdata_end = (__tdata_start + __tdata_size))
                0x00000004                        PROVIDE (__tbss_align = ALIGNOF (tbss))
                [!provide]                        PROVIDE (__tbss_start = ADDR (tbss))
                0x00000004                        PROVIDE (__tbss_size = (((SIZEOF (tbss) + __tbss_align) - 0x1) & ~ ((__tbss_align - 0x1))))
                [!provide]                        PROVIDE (__tbss_end = (__tbss_start + __tbss_size))
                [!provide]                        PROVIDE (__tls_start = __tdata_start)
                [!provide]                        PROVIDE (__tls_size = (__tbss_end - __tdata_start))
                [!provide]                        PROVIDE (__tls_end = __tbss_end)

rodata          0x080033a8      0x808
 *(SORT_BY_ALIGNMENT(.rodata))
 *(SORT_BY_ALIGNMENT(.rodata.*))
 .rodata.gpio_stm32_cfg_e
                0x080033a8       0x14 zephyr/libzephyr.a(gpioport_mgr.c.obj)
 .rodata.gpio_stm32_cfg_d
                0x080033bc       0x14 zephyr/libzephyr.a(gpioport_mgr.c.obj)
 .rodata.gpio_stm32_cfg_c
                0x080033d0       0x14 zephyr/libzephyr.a(gpioport_mgr.c.obj)
 .rodata.gpio_stm32_cfg_b
                0x080033e4       0x14 zephyr/libzephyr.a(gpioport_mgr.c.obj)
 .rodata.gpio_stm32_cfg_a
                0x080033f8       0x14 zephyr/libzephyr.a(gpioport_mgr.c.obj)
 .rodata.gpio_ports
                0x0800340c       0x14 zephyr/libzephyr.a(gpioport_mgr.c.obj)
 .rodata.reset_stm32_config
                0x08003420        0x4 zephyr/drivers/reset/libdrivers__reset.a(reset_stm32.c.obj)
 .rodata.uart_stm32_cfg_2
                0x08003424       0x28 zephyr/drivers/serial/libdrivers__serial.a(uart_stm32.c.obj)
 .rodata.pclken_2
                0x0800344c        0x8 zephyr/drivers/serial/libdrivers__serial.a(uart_stm32.c.obj)
 .rodata.__pinctrl_dev_config__device_dts_ord_47
                0x08003454        0x8 zephyr/drivers/serial/libdrivers__serial.a(uart_stm32.c.obj)
 .rodata.__pinctrl_states__device_dts_ord_47
                0x0800345c        0x8 zephyr/drivers/serial/libdrivers__serial.a(uart_stm32.c.obj)
 .rodata.__pinctrl_state_pins_0__device_dts_ord_47
                0x08003464        0x8 zephyr/drivers/serial/libdrivers__serial.a(uart_stm32.c.obj)
 .rodata.uart_stm32_cfg_1
                0x0800346c       0x28 zephyr/drivers/serial/libdrivers__serial.a(uart_stm32.c.obj)
 .rodata.pclken_1
                0x08003494        0x8 zephyr/drivers/serial/libdrivers__serial.a(uart_stm32.c.obj)
 .rodata.__pinctrl_dev_config__device_dts_ord_44
                0x0800349c        0x8 zephyr/drivers/serial/libdrivers__serial.a(uart_stm32.c.obj)
 .rodata.__pinctrl_states__device_dts_ord_44
                0x080034a4        0x8 zephyr/drivers/serial/libdrivers__serial.a(uart_stm32.c.obj)
 .rodata.__pinctrl_state_pins_0__device_dts_ord_44
                0x080034ac        0x8 zephyr/drivers/serial/libdrivers__serial.a(uart_stm32.c.obj)
 .rodata.uart_stm32_cfg_0
                0x080034b4       0x28 zephyr/drivers/serial/libdrivers__serial.a(uart_stm32.c.obj)
 .rodata.pclken_0
                0x080034dc        0x8 zephyr/drivers/serial/libdrivers__serial.a(uart_stm32.c.obj)
 .rodata.__pinctrl_dev_config__device_dts_ord_50
                0x080034e4        0x8 zephyr/drivers/serial/libdrivers__serial.a(uart_stm32.c.obj)
 .rodata.__pinctrl_states__device_dts_ord_50
                0x080034ec        0x8 zephyr/drivers/serial/libdrivers__serial.a(uart_stm32.c.obj)
 .rodata.__pinctrl_state_pins_0__device_dts_ord_50
                0x080034f4        0x8 zephyr/drivers/serial/libdrivers__serial.a(uart_stm32.c.obj)
 .rodata.CSWTCH.10
                0x080034fc       0x14 zephyr/kernel/libkernel.a(fatal.c.obj)
 .rodata.levels.0
                0x08003510       0x18 zephyr/kernel/libkernel.a(init.c.obj)
 .rodata.CSWTCH.74
                0x08003528        0x6 zephyr/drivers/serial/libdrivers__serial.a(uart_stm32.c.obj)
 .rodata.main.str1.1
                0x0800352e      0x651 app/libapp.a(main.c.obj)
                                 0x62 (size before relaxing)
 .rodata.boot_banner.str1.1
                0x08003b7f       0x3c zephyr/libzephyr.a(boot_banner.c.obj)
 .rodata.str1.1
                0x08003b7f       0x46 zephyr/libzephyr.a(gpioport_mgr.c.obj)
 .rodata.z_arm_fatal_error.str1.1
                0x08003b7f       0xb3 zephyr/arch/arch/arm/core/libarch__arm__core.a(fatal.c.obj)
 .rodata.usage_fault.isra.0.str1.1
                0x08003b7f       0xd4 zephyr/arch/arch/arm/core/cortex_m/libarch__arm__core__cortex_m.a(fault.c.obj)
 .rodata.bus_fault.isra.0.str1.1
                0x08003b7f       0xa2 zephyr/arch/arch/arm/core/cortex_m/libarch__arm__core__cortex_m.a(fault.c.obj)
 .rodata.mem_manage_fault.isra.0.str1.1
                0x08003b7f       0x9b zephyr/arch/arch/arm/core/cortex_m/libarch__arm__core__cortex_m.a(fault.c.obj)
 .rodata.z_arm_fault.str1.1
                0x08003b7f      0x156 zephyr/arch/arch/arm/core/cortex_m/libarch__arm__core__cortex_m.a(fault.c.obj)
 .rodata.str1.1
                0x08003b7f       0x1e zephyr/drivers/interrupt_controller/libdrivers__interrupt_controller.a(intc_exti_stm32.c.obj)
 .rodata.line_range_6.0
                0x08003b7f        0x2 zephyr/drivers/interrupt_controller/libdrivers__interrupt_controller.a(intc_gpio_stm32.c.obj)
 .rodata.line_range_5.1
                0x08003b81        0x2 zephyr/drivers/interrupt_controller/libdrivers__interrupt_controller.a(intc_gpio_stm32.c.obj)
 .rodata.line_range_4.2
                0x08003b83        0x2 zephyr/drivers/interrupt_controller/libdrivers__interrupt_controller.a(intc_gpio_stm32.c.obj)
 .rodata.line_range_3.3
                0x08003b85        0x2 zephyr/drivers/interrupt_controller/libdrivers__interrupt_controller.a(intc_gpio_stm32.c.obj)
 .rodata.line_range_2.4
                0x08003b87        0x2 zephyr/drivers/interrupt_controller/libdrivers__interrupt_controller.a(intc_gpio_stm32.c.obj)
 .rodata.line_range_1.5
                0x08003b89        0x2 zephyr/drivers/interrupt_controller/libdrivers__interrupt_controller.a(intc_gpio_stm32.c.obj)
 .rodata.line_range_0.6
                0x08003b8b        0x2 zephyr/drivers/interrupt_controller/libdrivers__interrupt_controller.a(intc_gpio_stm32.c.obj)
 .rodata.str1.1
                0x08003b8d        0xd zephyr/drivers/clock_control/libdrivers__clock_control.a(clock_stm32_ll_common.c.obj)
 .rodata.str1.1
                0x08003b8d       0x11 zephyr/drivers/reset/libdrivers__reset.a(reset_stm32.c.obj)
 .rodata.str1.1
                0x08003b8d       0x30 zephyr/drivers/serial/libdrivers__serial.a(uart_stm32.c.obj)
 .rodata.AHBPrescTable
                0x08003b8d       0x10 modules/hal_stm32/stm32cube/lib..__modules__hal__stm32__stm32cube.a(system_stm32f1xx.c.obj)
                0x08003b8d                AHBPrescTable
 .rodata.aPredivFactorTable.0
                0x08003b9d        0x2 modules/hal_stm32/stm32cube/lib..__modules__hal__stm32__stm32cube.a(stm32f1xx_hal_rcc.c.obj)
 .rodata.aPLLMULFactorTable.1
                0x08003b9f       0x10 modules/hal_stm32/stm32cube/lib..__modules__hal__stm32__stm32cube.a(stm32f1xx_hal_rcc.c.obj)
 .rodata.k_sys_fatal_error_handler.str1.1
                0x08003baf       0x10 zephyr/kernel/libkernel.a(fatal.c.obj)
 .rodata.z_fatal_error.str1.1
                0x08003baf       0x79 zephyr/kernel/libkernel.a(fatal.c.obj)
 .rodata.str1.1
                0x08003baf       0x4a zephyr/kernel/libkernel.a(fatal.c.obj)
 .rodata.z_cstart.str1.1
                0x08003baf        0x5 zephyr/kernel/libkernel.a(init.c.obj)
 .rodata.__l_vfprintf.str1.1
                0x08003baf        0xf /home/khaiwic/zephyr-sdk-1.0.1/gnu/arm-zephyr-eabi/bin/../lib/gcc/arm-zephyr-eabi/14.3.0/../../../../arm-zephyr-eabi/lib/thumb/v7-m/nofp/space/libc.a(libc_tinystdio_vflprintf.c.o)
 *(SORT_BY_ALIGNMENT(.gnu.linkonce.r.*))
                0x08003cd8                        . = ALIGN (0x4)
 *fill*         0x08003baf        0x1 
                [!provide]                        PROVIDE (__eh_frame_start = 0x0)
                [!provide]                        PROVIDE (__eh_frame_end = 0x0)
                [!provide]                        PROVIDE (__eh_frame_hdr_start = 0x0)
                [!provide]                        PROVIDE (__eh_frame_hdr_end = 0x0)

/DISCARD/
 *(SORT_BY_ALIGNMENT(.eh_frame))
                0x08003bb0                        __rodata_region_end = .
                0x08003bb0                        . = ALIGN (_region_min_align)
                0x08003bb0                        __rom_region_end = ((__rom_region_start + .) - ADDR (rom_start))
                0x00003bb0                        __rom_region_size = (__rom_region_end - __rom_region_start)

/DISCARD/
 *(SORT_BY_ALIGNMENT(.got.plt))
 *(SORT_BY_ALIGNMENT(.igot.plt))
 *(SORT_BY_ALIGNMENT(.got))
 *(SORT_BY_ALIGNMENT(.igot))
                0x20000000                        . = 0x20000000
                0x20000000                        . = ALIGN (_region_min_align)
                0x20000000                        _image_ram_start = .

.ramfunc        0x20000000        0x0 load address 0x08003bb0
                0x20000000                        __ramfunc_region_start = .
                0x20000000                        . = ALIGN (_region_min_align)
                0x20000000                        __ramfunc_start = .
 *(SORT_BY_ALIGNMENT(.ramfunc))
 *(SORT_BY_ALIGNMENT(.ramfunc.*))
                0x20000000                        . = ALIGN (_region_min_align)
                0x20000000                        __ramfunc_end = .
                0x00000000                        __ramfunc_size = (__ramfunc_end - __ramfunc_start)
                0x08003bb0                        __ramfunc_load_start = LOADADDR (.ramfunc)

datas           0x20000000       0x64 load address 0x08003bb0
                0x20000000                        __data_region_start = .
                0x20000000                        __data_start = .
 *(SORT_BY_ALIGNMENT(.data))
 *(SORT_BY_ALIGNMENT(.data.*))
 .data.timer_core_armed_deadline
                0x20000000        0x8 zephyr/drivers/timer/libdrivers__timer.a(cortex_m_systick.c.obj)
 .data._char_out
                0x20000008        0x4 zephyr/libzephyr.a(printk.c.obj)
 .data.__stdout
                0x2000000c       0x10 zephyr/lib/libc/picolibc/liblib__libc__picolibc.a(stdio.c.obj)
 .data.uart_stm32_data_2
                0x2000001c        0x4 zephyr/drivers/serial/libdrivers__serial.a(uart_stm32.c.obj)
 .data.uart_cfg_2
                0x20000020        0x8 zephyr/drivers/serial/libdrivers__serial.a(uart_stm32.c.obj)
 .data.uart_stm32_data_1
                0x20000028        0x4 zephyr/drivers/serial/libdrivers__serial.a(uart_stm32.c.obj)
 .data.uart_cfg_1
                0x2000002c        0x8 zephyr/drivers/serial/libdrivers__serial.a(uart_stm32.c.obj)
 .data.uart_stm32_data_0
                0x20000034        0x4 zephyr/drivers/serial/libdrivers__serial.a(uart_stm32.c.obj)
 .data.uart_cfg_0
                0x20000038        0x8 zephyr/drivers/serial/libdrivers__serial.a(uart_stm32.c.obj)
 .data.SystemCoreClock
                0x20000040        0x4 modules/hal_stm32/stm32cube/lib..__modules__hal__stm32__stm32cube.a(system_stm32f1xx.c.obj)
                0x20000040                SystemCoreClock
 .data.slice_ticks
                0x20000044        0x4 zephyr/kernel/libkernel.a(timeslicing.c.obj)
 .data.timeout_list
                0x20000048        0x8 zephyr/kernel/libkernel.a(timeout.c.obj)
 .data.announcing_cpu
                0x20000050        0x4 zephyr/kernel/libkernel.a(timeout.c.obj)
 .data.exti_irq_table
                0x20000054       0x10 zephyr/drivers/interrupt_controller/libdrivers__interrupt_controller.a(intc_gpio_stm32.c.obj)
 *(SORT_BY_ALIGNMENT(.kernel.*))
                0x20000064                        __data_end = .